scan-0	scan	Singleton
merge_aggregate-1-0	final_aggregate	Hash(l_returnflag,l_linestatus)/38	deps=scan-0
merge_aggregate-2-1	final_aggregate	Hash(l_returnflag,l_linestatus)/38	deps=scan-0
merge_aggregate-3-2	final_aggregate	Hash(l_returnflag,l_linestatus)/38	deps=scan-0
merge_aggregate-4-3	final_aggregate	Hash(l_returnflag,l_linestatus)/38	deps=scan-0
merge_aggregate-5-4	final_aggregate	Hash(l_returnflag,l_linestatus)/38	deps=scan-0
merge_aggregate-6-5	final_aggregate	Hash(l_returnflag,l_linestatus)/38	deps=scan-0
merge_aggregate-7-6	final_aggregate	Hash(l_returnflag,l_linestatus)/38	deps=scan-0
merge_aggregate-8-7	final_aggregate	Hash(l_returnflag,l_linestatus)/38	deps=scan-0
merge_aggregate-9-8	final_aggregate	Hash(l_returnflag,l_linestatus)/38	deps=scan-0
merge_aggregate-10-9	final_aggregate	Hash(l_returnflag,l_linestatus)/38	deps=scan-0
merge_aggregate-11-10	final_aggregate	Hash(l_returnflag,l_linestatus)/38	deps=scan-0
merge_aggregate-12-11	final_aggregate	Hash(l_returnflag,l_linestatus)/38	deps=scan-0
merge_aggregate-13-12	final_aggregate	Hash(l_returnflag,l_linestatus)/38	deps=scan-0
merge_aggregate-14-13	final_aggregate	Hash(l_returnflag,l_linestatus)/38	deps=scan-0
merge_aggregate-15-14	final_aggregate	Hash(l_returnflag,l_linestatus)/38	deps=scan-0
merge_aggregate-16-15	final_aggregate	Hash(l_returnflag,l_linestatus)/38	deps=scan-0
merge_aggregate-17-16	final_aggregate	Hash(l_returnflag,l_linestatus)/38	deps=scan-0
merge_aggregate-18-17	final_aggregate	Hash(l_returnflag,l_linestatus)/38	deps=scan-0
merge_aggregate-19-18	final_aggregate	Hash(l_returnflag,l_linestatus)/38	deps=scan-0
merge_aggregate-20-19	final_aggregate	Hash(l_returnflag,l_linestatus)/38	deps=scan-0
merge_aggregate-21-20	final_aggregate	Hash(l_returnflag,l_linestatus)/38	deps=scan-0
merge_aggregate-22-21	final_aggregate	Hash(l_returnflag,l_linestatus)/38	deps=scan-0
merge_aggregate-23-22	final_aggregate	Hash(l_returnflag,l_linestatus)/38	deps=scan-0
merge_aggregate-24-23	final_aggregate	Hash(l_returnflag,l_linestatus)/38	deps=scan-0
merge_aggregate-25-24	final_aggregate	Hash(l_returnflag,l_linestatus)/38	deps=scan-0
merge_aggregate-26-25	final_aggregate	Hash(l_returnflag,l_linestatus)/38	deps=scan-0
merge_aggregate-27-26	final_aggregate	Hash(l_returnflag,l_linestatus)/38	deps=scan-0
merge_aggregate-28-27	final_aggregate	Hash(l_returnflag,l_linestatus)/38	deps=scan-0
merge_aggregate-29-28	final_aggregate	Hash(l_returnflag,l_linestatus)/38	deps=scan-0
merge_aggregate-30-29	final_aggregate	Hash(l_returnflag,l_linestatus)/38	deps=scan-0
merge_aggregate-31-30	final_aggregate	Hash(l_returnflag,l_linestatus)/38	deps=scan-0
merge_aggregate-32-31	final_aggregate	Hash(l_returnflag,l_linestatus)/38	deps=scan-0
merge_aggregate-33-32	final_aggregate	Hash(l_returnflag,l_linestatus)/38	deps=scan-0
merge_aggregate-34-33	final_aggregate	Hash(l_returnflag,l_linestatus)/38	deps=scan-0
merge_aggregate-35-34	final_aggregate	Hash(l_returnflag,l_linestatus)/38	deps=scan-0
merge_aggregate-36-35	final_aggregate	Hash(l_returnflag,l_linestatus)/38	deps=scan-0
merge_aggregate-37-36	final_aggregate	Hash(l_returnflag,l_linestatus)/38	deps=scan-0
merge_aggregate-38-37	final_aggregate	Hash(l_returnflag,l_linestatus)/38	deps=scan-0
final_aggregate-39	final_aggregate	Singleton	deps=merge_aggregate-1-0,merge_aggregate-2-1,merge_aggregate-3-2,merge_aggregate-4-3,merge_aggregate-5-4,merge_aggregate-6-5,merge_aggregate-7-6,merge_aggregate-8-7,merge_aggregate-9-8,merge_aggregate-10-9,merge_aggregate-11-10,merge_aggregate-12-11,merge_aggregate-13-12,merge_aggregate-14-13,merge_aggregate-15-14,merge_aggregate-16-15,merge_aggregate-17-16,merge_aggregate-18-17,merge_aggregate-19-18,merge_aggregate-20-19,merge_aggregate-21-20,merge_aggregate-22-21,merge_aggregate-23-22,merge_aggregate-24-23,merge_aggregate-25-24,merge_aggregate-26-25,merge_aggregate-27-26,merge_aggregate-28-27,merge_aggregate-29-28,merge_aggregate-30-29,merge_aggregate-31-30,merge_aggregate-32-31,merge_aggregate-33-32,merge_aggregate-34-33,merge_aggregate-35-34,merge_aggregate-36-35,merge_aggregate-37-36,merge_aggregate-38-37
sort-40	sort	Singleton	deps=final_aggregate-39
merge_sort-41-0	merge_sort	Hash(l_returnflag,l_linestatus)/40	deps=sort-40
merge_sort-42-1	merge_sort	Hash(l_returnflag,l_linestatus)/40	deps=sort-40
merge_sort-43-2	merge_sort	Hash(l_returnflag,l_linestatus)/40	deps=sort-40
merge_sort-44-3	merge_sort	Hash(l_returnflag,l_linestatus)/40	deps=sort-40
merge_sort-45-4	merge_sort	Hash(l_returnflag,l_linestatus)/40	deps=sort-40
merge_sort-46-5	merge_sort	Hash(l_returnflag,l_linestatus)/40	deps=sort-40
merge_sort-47-6	merge_sort	Hash(l_returnflag,l_linestatus)/40	deps=sort-40
merge_sort-48-7	merge_sort	Hash(l_returnflag,l_linestatus)/40	deps=sort-40
merge_sort-49-8	merge_sort	Hash(l_returnflag,l_linestatus)/40	deps=sort-40
merge_sort-50-9	merge_sort	Hash(l_returnflag,l_linestatus)/40	deps=sort-40
merge_sort-51-10	merge_sort	Hash(l_returnflag,l_linestatus)/40	deps=sort-40
merge_sort-52-11	merge_sort	Hash(l_returnflag,l_linestatus)/40	deps=sort-40
merge_sort-53-12	merge_sort	Hash(l_returnflag,l_linestatus)/40	deps=sort-40
merge_sort-54-13	merge_sort	Hash(l_returnflag,l_linestatus)/40	deps=sort-40
merge_sort-55-14	merge_sort	Hash(l_returnflag,l_linestatus)/40	deps=sort-40
merge_sort-56-15	merge_sort	Hash(l_returnflag,l_linestatus)/40	deps=sort-40
merge_sort-57-16	merge_sort	Hash(l_returnflag,l_linestatus)/40	deps=sort-40
merge_sort-58-17	merge_sort	Hash(l_returnflag,l_linestatus)/40	deps=sort-40
merge_sort-59-18	merge_sort	Hash(l_returnflag,l_linestatus)/40	deps=sort-40
merge_sort-60-19	merge_sort	Hash(l_returnflag,l_linestatus)/40	deps=sort-40
merge_sort-61-20	merge_sort	Hash(l_returnflag,l_linestatus)/40	deps=sort-40
merge_sort-62-21	merge_sort	Hash(l_returnflag,l_linestatus)/40	deps=sort-40
merge_sort-63-22	merge_sort	Hash(l_returnflag,l_linestatus)/40	deps=sort-40
merge_sort-64-23	merge_sort	Hash(l_returnflag,l_linestatus)/40	deps=sort-40
merge_sort-65-24	merge_sort	Hash(l_returnflag,l_linestatus)/40	deps=sort-40
merge_sort-66-25	merge_sort	Hash(l_returnflag,l_linestatus)/40	deps=sort-40
merge_sort-67-26	merge_sort	Hash(l_returnflag,l_linestatus)/40	deps=sort-40
merge_sort-68-27	merge_sort	Hash(l_returnflag,l_linestatus)/40	deps=sort-40
merge_sort-69-28	merge_sort	Hash(l_returnflag,l_linestatus)/40	deps=sort-40
merge_sort-70-29	merge_sort	Hash(l_returnflag,l_linestatus)/40	deps=sort-40
merge_sort-71-30	merge_sort	Hash(l_returnflag,l_linestatus)/40	deps=sort-40
merge_sort-72-31	merge_sort	Hash(l_returnflag,l_linestatus)/40	deps=sort-40
merge_sort-73-32	merge_sort	Hash(l_returnflag,l_linestatus)/40	deps=sort-40
merge_sort-74-33	merge_sort	Hash(l_returnflag,l_linestatus)/40	deps=sort-40
merge_sort-75-34	merge_sort	Hash(l_returnflag,l_linestatus)/40	deps=sort-40
merge_sort-76-35	merge_sort	Hash(l_returnflag,l_linestatus)/40	deps=sort-40
merge_sort-77-36	merge_sort	Hash(l_returnflag,l_linestatus)/40	deps=sort-40
merge_sort-78-37	merge_sort	Hash(l_returnflag,l_linestatus)/40	deps=sort-40
merge_sort-79-38	merge_sort	Hash(l_returnflag,l_linestatus)/40	deps=sort-40
merge_sort-80-39	merge_sort	Hash(l_returnflag,l_linestatus)/40	deps=sort-40
merge_sort-81	merge_sort	Singleton	deps=merge_sort-41-0,merge_sort-42-1,merge_sort-43-2,merge_sort-44-3,merge_sort-45-4,merge_sort-46-5,merge_sort-47-6,merge_sort-48-7,merge_sort-49-8,merge_sort-50-9,merge_sort-51-10,merge_sort-52-11,merge_sort-53-12,merge_sort-54-13,merge_sort-55-14,merge_sort-56-15,merge_sort-57-16,merge_sort-58-17,merge_sort-59-18,merge_sort-60-19,merge_sort-61-20,merge_sort-62-21,merge_sort-63-22,merge_sort-64-23,merge_sort-65-24,merge_sort-66-25,merge_sort-67-26,merge_sort-68-27,merge_sort-69-28,merge_sort-70-29,merge_sort-71-30,merge_sort-72-31,merge_sort-73-32,merge_sort-74-33,merge_sort-75-34,merge_sort-76-35,merge_sort-77-36,merge_sort-78-37,merge_sort-79-38,merge_sort-80-39
