scan-0	scan	Singleton
scan-1	scan	Singleton
scan-3	scan	Singleton
join-4	broadcast_join	Singleton	deps=scan-0,exchange-replicate-join-4-3,scan-1
scan-5	scan	Singleton
exchange-repartition-6	exchange-repartition	Hash(s_suppkey)/32	deps=join-4
exchange-repartition-7	exchange-repartition	Hash(ps_suppkey)/32	deps=scan-5
join-8	hash_join	Hash(s_suppkey)/32	deps=exchange-repartition-6,exchange-repartition-7
scan-9	scan	Singleton
join-10	broadcast_join	Hash(s_suppkey)/32	deps=join-8,exchange-replicate-join-10-9
scan-11	scan	Singleton
scan-12	scan	Singleton
scan-14	scan	Singleton
scan-16	scan	Singleton
join-17	broadcast_join	Singleton	deps=scan-11,exchange-replicate-join-17-14,scan-14,scan-12
aggregate-18	aggregate	RoundRobin	deps=join-17
final_aggregate-19	final_aggregate	Hash(ps_partkey)/4	deps=exchange-repartition-final_aggregate-19-16
exchange-repartition-20	exchange-repartition	Hash(p_partkey)/32	deps=join-10
exchange-repartition-21	exchange-repartition	Hash(ps_partkey)/32	deps=final_aggregate-19
join-22	hash_join	Hash(p_partkey)/32	deps=exchange-repartition-20,exchange-repartition-21
sort-23	sort	Singleton	deps=join-22
exchange-replicate-join-4-3	exchange-replicate	Broadcast	deps=scan-3
exchange-replicate-join-10-9	exchange-replicate	Broadcast	deps=scan-9
exchange-replicate-join-17-14	exchange-replicate	Broadcast	deps=scan-16
exchange-repartition-final_aggregate-19-16	exchange-repartition	Hash(ps_partkey)/4	deps=aggregate-18
exchange-gather-sort-23	exchange-gather	Singleton	deps=sort-23
