scan-0	scan	Hash(o_custkey)/32
scan-1	scan	Hash(c_custkey)/32
join-4	hash_join	Hash(o_orderkey)/32	deps=scan-0,scan-1
scan-5	scan	Hash(l_orderkey)/32
join-8	hash_join	Hash(o_orderkey)/32	deps=join-4,scan-5
aggregate-9	aggregate	RoundRobin	deps=join-8
final_aggregate-10	final_aggregate	Singleton	deps=aggregate-9
exchange-gather-final_aggregate-10	exchange-gather	Singleton	deps=final_aggregate-10
