scan-0	scan	Singleton
scan-1	scan	Singleton
join-2	broadcast_join	Singleton	deps=scan-0,exchange-replicate-join-2-2
scan-3	scan	Singleton
exchange-repartition-4	exchange-repartition	Hash(o_orderkey)/32	deps=join-2
exchange-repartition-5	exchange-repartition	Hash(l_orderkey)/32	deps=scan-3
join-6	hash_join	Hash(o_orderkey)/32	deps=exchange-repartition-4,exchange-repartition-5
aggregate-7	aggregate	RoundRobin	deps=join-6
final_aggregate-8	final_aggregate	Singleton	deps=aggregate-7
exchange-replicate-join-2-2	exchange-replicate	Broadcast	deps=scan-1
exchange-gather-final_aggregate-8	exchange-gather	Singleton	deps=final_aggregate-8
