scan-0	scan	Singleton
scan-1	scan	Singleton
exchange-repartition-2	exchange-repartition	Hash(o_orderkey)/32	deps=scan-0
exchange-repartition-3	exchange-repartition	Hash(l_orderkey)/32	deps=scan-1
join-4	hash_join	Hash(o_orderkey)/32	deps=exchange-repartition-2,exchange-repartition-3
final_aggregate-6	final_aggregate	Singleton	deps=join-4
exchange-gather-final_aggregate-6	exchange-gather	Singleton	deps=final_aggregate-6
