scan-0	scan	Singleton
scan-1	scan	Singleton
exchange-repartition-2	exchange-repartition	Hash(o_orderkey)/32	deps=scan-0
exchange-repartition-3	exchange-repartition	Hash(l_orderkey)/32	deps=scan-1
join-4	hash_join	Hash(o_orderkey)/32	deps=exchange-repartition-2,exchange-repartition-3
aggregate-5	aggregate	Singleton	deps=join-4
final_aggregate-6	final_aggregate	Singleton	deps=aggregate-5
sort-7	sort	Singleton	deps=final_aggregate-6
merge_sort-8-0	merge_sort	Hash(o_orderpriority)/50	deps=sort-7
merge_sort-9-1	merge_sort	Hash(o_orderpriority)/50	deps=sort-7
merge_sort-10-2	merge_sort	Hash(o_orderpriority)/50	deps=sort-7
merge_sort-11-3	merge_sort	Hash(o_orderpriority)/50	deps=sort-7
merge_sort-12-4	merge_sort	Hash(o_orderpriority)/50	deps=sort-7
merge_sort-13-5	merge_sort	Hash(o_orderpriority)/50	deps=sort-7
merge_sort-14-6	merge_sort	Hash(o_orderpriority)/50	deps=sort-7
merge_sort-15-7	merge_sort	Hash(o_orderpriority)/50	deps=sort-7
merge_sort-16-8	merge_sort	Hash(o_orderpriority)/50	deps=sort-7
merge_sort-17-9	merge_sort	Hash(o_orderpriority)/50	deps=sort-7
merge_sort-18-10	merge_sort	Hash(o_orderpriority)/50	deps=sort-7
merge_sort-19-11	merge_sort	Hash(o_orderpriority)/50	deps=sort-7
merge_sort-20-12	merge_sort	Hash(o_orderpriority)/50	deps=sort-7
merge_sort-21-13	merge_sort	Hash(o_orderpriority)/50	deps=sort-7
merge_sort-22-14	merge_sort	Hash(o_orderpriority)/50	deps=sort-7
merge_sort-23-15	merge_sort	Hash(o_orderpriority)/50	deps=sort-7
merge_sort-24-16	merge_sort	Hash(o_orderpriority)/50	deps=sort-7
merge_sort-25-17	merge_sort	Hash(o_orderpriority)/50	deps=sort-7
merge_sort-26-18	merge_sort	Hash(o_orderpriority)/50	deps=sort-7
merge_sort-27-19	merge_sort	Hash(o_orderpriority)/50	deps=sort-7
merge_sort-28-20	merge_sort	Hash(o_orderpriority)/50	deps=sort-7
merge_sort-29-21	merge_sort	Hash(o_orderpriority)/50	deps=sort-7
merge_sort-30-22	merge_sort	Hash(o_orderpriority)/50	deps=sort-7
merge_sort-31-23	merge_sort	Hash(o_orderpriority)/50	deps=sort-7
merge_sort-32-24	merge_sort	Hash(o_orderpriority)/50	deps=sort-7
merge_sort-33-25	merge_sort	Hash(o_orderpriority)/50	deps=sort-7
merge_sort-34-26	merge_sort	Hash(o_orderpriority)/50	deps=sort-7
merge_sort-35-27	merge_sort	Hash(o_orderpriority)/50	deps=sort-7
merge_sort-36-28	merge_sort	Hash(o_orderpriority)/50	deps=sort-7
merge_sort-37-29	merge_sort	Hash(o_orderpriority)/50	deps=sort-7
merge_sort-38-30	merge_sort	Hash(o_orderpriority)/50	deps=sort-7
merge_sort-39-31	merge_sort	Hash(o_orderpriority)/50	deps=sort-7
merge_sort-40-32	merge_sort	Hash(o_orderpriority)/50	deps=sort-7
merge_sort-41-33	merge_sort	Hash(o_orderpriority)/50	deps=sort-7
merge_sort-42-34	merge_sort	Hash(o_orderpriority)/50	deps=sort-7
merge_sort-43-35	merge_sort	Hash(o_orderpriority)/50	deps=sort-7
merge_sort-44-36	merge_sort	Hash(o_orderpriority)/50	deps=sort-7
merge_sort-45-37	merge_sort	Hash(o_orderpriority)/50	deps=sort-7
merge_sort-46-38	merge_sort	Hash(o_orderpriority)/50	deps=sort-7
merge_sort-47-39	merge_sort	Hash(o_orderpriority)/50	deps=sort-7
merge_sort-48-40	merge_sort	Hash(o_orderpriority)/50	deps=sort-7
merge_sort-49-41	merge_sort	Hash(o_orderpriority)/50	deps=sort-7
merge_sort-50-42	merge_sort	Hash(o_orderpriority)/50	deps=sort-7
merge_sort-51-43	merge_sort	Hash(o_orderpriority)/50	deps=sort-7
merge_sort-52-44	merge_sort	Hash(o_orderpriority)/50	deps=sort-7
merge_sort-53-45	merge_sort	Hash(o_orderpriority)/50	deps=sort-7
merge_sort-54-46	merge_sort	Hash(o_orderpriority)/50	deps=sort-7
merge_sort-55-47	merge_sort	Hash(o_orderpriority)/50	deps=sort-7
merge_sort-56-48	merge_sort	Hash(o_orderpriority)/50	deps=sort-7
merge_sort-57-49	merge_sort	Hash(o_orderpriority)/50	deps=sort-7
merge_sort-58	merge_sort	Singleton	deps=merge_sort-8-0,merge_sort-9-1,merge_sort-10-2,merge_sort-11-3,merge_sort-12-4,merge_sort-13-5,merge_sort-14-6,merge_sort-15-7,merge_sort-16-8,merge_sort-17-9,merge_sort-18-10,merge_sort-19-11,merge_sort-20-12,merge_sort-21-13,merge_sort-22-14,merge_sort-23-15,merge_sort-24-16,merge_sort-25-17,merge_sort-26-18,merge_sort-27-19,merge_sort-28-20,merge_sort-29-21,merge_sort-30-22,merge_sort-31-23,merge_sort-32-24,merge_sort-33-25,merge_sort-34-26,merge_sort-35-27,merge_sort-36-28,merge_sort-37-29,merge_sort-38-30,merge_sort-39-31,merge_sort-40-32,merge_sort-41-33,merge_sort-42-34,merge_sort-43-35,merge_sort-44-36,merge_sort-45-37,merge_sort-46-38,merge_sort-47-39,merge_sort-48-40,merge_sort-49-41,merge_sort-50-42,merge_sort-51-43,merge_sort-52-44,merge_sort-53-45,merge_sort-54-46,merge_sort-55-47,merge_sort-56-48,merge_sort-57-49
