scan-0	scan	Hash(o_custkey)/32
scan-1	scan	Hash(c_custkey)/32
join-4	hash_join	Hash(o_orderkey)/32	deps=scan-0,scan-1
scan-5	scan	Hash(l_orderkey)/32
join-8	hash_join	Hash(o_orderkey)/32	deps=join-4,scan-5
scan-9	scan	Singleton
scan-11	scan	Singleton
scan-13	scan	Singleton
join-14	broadcast_join	Hash(o_orderkey)/32	deps=join-8,exchange-replicate-join-14-12,scan-11,scan-9
aggregate-15	aggregate	RoundRobin	deps=join-14
final_aggregate-16	final_aggregate	Singleton	deps=aggregate-15
exchange-replicate-join-14-12	exchange-replicate	Broadcast	deps=scan-13
exchange-gather-final_aggregate-16	exchange-gather	Singleton	deps=final_aggregate-16
