scan-0	scan	Singleton
merge_aggregate-1-0	final_aggregate	Hash()/38	deps=scan-0
merge_aggregate-2-1	final_aggregate	Hash()/38	deps=scan-0
merge_aggregate-3-2	final_aggregate	Hash()/38	deps=scan-0
merge_aggregate-4-3	final_aggregate	Hash()/38	deps=scan-0
merge_aggregate-5-4	final_aggregate	Hash()/38	deps=scan-0
merge_aggregate-6-5	final_aggregate	Hash()/38	deps=scan-0
merge_aggregate-7-6	final_aggregate	Hash()/38	deps=scan-0
merge_aggregate-8-7	final_aggregate	Hash()/38	deps=scan-0
merge_aggregate-9-8	final_aggregate	Hash()/38	deps=scan-0
merge_aggregate-10-9	final_aggregate	Hash()/38	deps=scan-0
merge_aggregate-11-10	final_aggregate	Hash()/38	deps=scan-0
merge_aggregate-12-11	final_aggregate	Hash()/38	deps=scan-0
merge_aggregate-13-12	final_aggregate	Hash()/38	deps=scan-0
merge_aggregate-14-13	final_aggregate	Hash()/38	deps=scan-0
merge_aggregate-15-14	final_aggregate	Hash()/38	deps=scan-0
merge_aggregate-16-15	final_aggregate	Hash()/38	deps=scan-0
merge_aggregate-17-16	final_aggregate	Hash()/38	deps=scan-0
merge_aggregate-18-17	final_aggregate	Hash()/38	deps=scan-0
merge_aggregate-19-18	final_aggregate	Hash()/38	deps=scan-0
merge_aggregate-20-19	final_aggregate	Hash()/38	deps=scan-0
merge_aggregate-21-20	final_aggregate	Hash()/38	deps=scan-0
merge_aggregate-22-21	final_aggregate	Hash()/38	deps=scan-0
merge_aggregate-23-22	final_aggregate	Hash()/38	deps=scan-0
merge_aggregate-24-23	final_aggregate	Hash()/38	deps=scan-0
merge_aggregate-25-24	final_aggregate	Hash()/38	deps=scan-0
merge_aggregate-26-25	final_aggregate	Hash()/38	deps=scan-0
merge_aggregate-27-26	final_aggregate	Hash()/38	deps=scan-0
merge_aggregate-28-27	final_aggregate	Hash()/38	deps=scan-0
merge_aggregate-29-28	final_aggregate	Hash()/38	deps=scan-0
merge_aggregate-30-29	final_aggregate	Hash()/38	deps=scan-0
merge_aggregate-31-30	final_aggregate	Hash()/38	deps=scan-0
merge_aggregate-32-31	final_aggregate	Hash()/38	deps=scan-0
merge_aggregate-33-32	final_aggregate	Hash()/38	deps=scan-0
merge_aggregate-34-33	final_aggregate	Hash()/38	deps=scan-0
merge_aggregate-35-34	final_aggregate	Hash()/38	deps=scan-0
merge_aggregate-36-35	final_aggregate	Hash()/38	deps=scan-0
merge_aggregate-37-36	final_aggregate	Hash()/38	deps=scan-0
merge_aggregate-38-37	final_aggregate	Hash()/38	deps=scan-0
final_aggregate-39	final_aggregate	Singleton	deps=merge_aggregate-1-0,merge_aggregate-2-1,merge_aggregate-3-2,merge_aggregate-4-3,merge_aggregate-5-4,merge_aggregate-6-5,merge_aggregate-7-6,merge_aggregate-8-7,merge_aggregate-9-8,merge_aggregate-10-9,merge_aggregate-11-10,merge_aggregate-12-11,merge_aggregate-13-12,merge_aggregate-14-13,merge_aggregate-15-14,merge_aggregate-16-15,merge_aggregate-17-16,merge_aggregate-18-17,merge_aggregate-19-18,merge_aggregate-20-19,merge_aggregate-21-20,merge_aggregate-22-21,merge_aggregate-23-22,merge_aggregate-24-23,merge_aggregate-25-24,merge_aggregate-26-25,merge_aggregate-27-26,merge_aggregate-28-27,merge_aggregate-29-28,merge_aggregate-30-29,merge_aggregate-31-30,merge_aggregate-32-31,merge_aggregate-33-32,merge_aggregate-34-33,merge_aggregate-35-34,merge_aggregate-36-35,merge_aggregate-37-36,merge_aggregate-38-37
exchange-gather-final_aggregate-39	exchange-gather	Singleton	deps=final_aggregate-39
