scan-0	scan	Singleton
scan-1	scan	Singleton
scan-3	scan	Singleton
join-4	broadcast_join	Singleton	deps=scan-0,scan-3,scan-1
scan-5	scan	Singleton
exchange-repartition-6	exchange-repartition	Hash(c_custkey)/32	deps=join-4
exchange-repartition-7	exchange-repartition	Hash(o_custkey)/32	deps=scan-5
join-8	hash_join	Hash(c_custkey)/32	deps=exchange-repartition-6,exchange-repartition-7
scan-9	scan	Singleton
exchange-repartition-10	exchange-repartition	Hash(o_orderkey)/32	deps=join-8
exchange-repartition-11	exchange-repartition	Hash(l_orderkey)/32	deps=scan-9
join-12	hash_join	Hash(o_orderkey)/32	deps=exchange-repartition-10,exchange-repartition-11
scan-13	scan	Singleton
exchange-repartition-14	exchange-repartition	Hash(l_partkey)/32	deps=join-12
exchange-repartition-15	exchange-repartition	Hash(p_partkey)/32	deps=scan-13
join-16	hash_join	Hash(l_partkey)/32	deps=exchange-repartition-14,exchange-repartition-15
scan-17	scan	Singleton
scan-19	scan	Singleton
join-20	broadcast_join	Hash(l_partkey)/32	deps=join-16,scan-19,scan-17
aggregate-21	aggregate	Singleton	deps=join-20
final_aggregate-22	final_aggregate	Singleton	deps=aggregate-21
sort-23	sort	Singleton	deps=final_aggregate-22
merge_sort-24-0	merge_sort	Hash(o_year)/57	deps=sort-23
merge_sort-25-1	merge_sort	Hash(o_year)/57	deps=sort-23
merge_sort-26-2	merge_sort	Hash(o_year)/57	deps=sort-23
merge_sort-27-3	merge_sort	Hash(o_year)/57	deps=sort-23
merge_sort-28-4	merge_sort	Hash(o_year)/57	deps=sort-23
merge_sort-29-5	merge_sort	Hash(o_year)/57	deps=sort-23
merge_sort-30-6	merge_sort	Hash(o_year)/57	deps=sort-23
merge_sort-31-7	merge_sort	Hash(o_year)/57	deps=sort-23
merge_sort-32-8	merge_sort	Hash(o_year)/57	deps=sort-23
merge_sort-33-9	merge_sort	Hash(o_year)/57	deps=sort-23
merge_sort-34-10	merge_sort	Hash(o_year)/57	deps=sort-23
merge_sort-35-11	merge_sort	Hash(o_year)/57	deps=sort-23
merge_sort-36-12	merge_sort	Hash(o_year)/57	deps=sort-23
merge_sort-37-13	merge_sort	Hash(o_year)/57	deps=sort-23
merge_sort-38-14	merge_sort	Hash(o_year)/57	deps=sort-23
merge_sort-39-15	merge_sort	Hash(o_year)/57	deps=sort-23
merge_sort-40-16	merge_sort	Hash(o_year)/57	deps=sort-23
merge_sort-41-17	merge_sort	Hash(o_year)/57	deps=sort-23
merge_sort-42-18	merge_sort	Hash(o_year)/57	deps=sort-23
merge_sort-43-19	merge_sort	Hash(o_year)/57	deps=sort-23
merge_sort-44-20	merge_sort	Hash(o_year)/57	deps=sort-23
merge_sort-45-21	merge_sort	Hash(o_year)/57	deps=sort-23
merge_sort-46-22	merge_sort	Hash(o_year)/57	deps=sort-23
merge_sort-47-23	merge_sort	Hash(o_year)/57	deps=sort-23
merge_sort-48-24	merge_sort	Hash(o_year)/57	deps=sort-23
merge_sort-49-25	merge_sort	Hash(o_year)/57	deps=sort-23
merge_sort-50-26	merge_sort	Hash(o_year)/57	deps=sort-23
merge_sort-51-27	merge_sort	Hash(o_year)/57	deps=sort-23
merge_sort-52-28	merge_sort	Hash(o_year)/57	deps=sort-23
merge_sort-53-29	merge_sort	Hash(o_year)/57	deps=sort-23
merge_sort-54-30	merge_sort	Hash(o_year)/57	deps=sort-23
merge_sort-55-31	merge_sort	Hash(o_year)/57	deps=sort-23
merge_sort-56-32	merge_sort	Hash(o_year)/57	deps=sort-23
merge_sort-57-33	merge_sort	Hash(o_year)/57	deps=sort-23
merge_sort-58-34	merge_sort	Hash(o_year)/57	deps=sort-23
merge_sort-59-35	merge_sort	Hash(o_year)/57	deps=sort-23
merge_sort-60-36	merge_sort	Hash(o_year)/57	deps=sort-23
merge_sort-61-37	merge_sort	Hash(o_year)/57	deps=sort-23
merge_sort-62-38	merge_sort	Hash(o_year)/57	deps=sort-23
merge_sort-63-39	merge_sort	Hash(o_year)/57	deps=sort-23
merge_sort-64-40	merge_sort	Hash(o_year)/57	deps=sort-23
merge_sort-65-41	merge_sort	Hash(o_year)/57	deps=sort-23
merge_sort-66-42	merge_sort	Hash(o_year)/57	deps=sort-23
merge_sort-67-43	merge_sort	Hash(o_year)/57	deps=sort-23
merge_sort-68-44	merge_sort	Hash(o_year)/57	deps=sort-23
merge_sort-69-45	merge_sort	Hash(o_year)/57	deps=sort-23
merge_sort-70-46	merge_sort	Hash(o_year)/57	deps=sort-23
merge_sort-71-47	merge_sort	Hash(o_year)/57	deps=sort-23
merge_sort-72-48	merge_sort	Hash(o_year)/57	deps=sort-23
merge_sort-73-49	merge_sort	Hash(o_year)/57	deps=sort-23
merge_sort-74-50	merge_sort	Hash(o_year)/57	deps=sort-23
merge_sort-75-51	merge_sort	Hash(o_year)/57	deps=sort-23
merge_sort-76-52	merge_sort	Hash(o_year)/57	deps=sort-23
merge_sort-77-53	merge_sort	Hash(o_year)/57	deps=sort-23
merge_sort-78-54	merge_sort	Hash(o_year)/57	deps=sort-23
merge_sort-79-55	merge_sort	Hash(o_year)/57	deps=sort-23
merge_sort-80-56	merge_sort	Hash(o_year)/57	deps=sort-23
merge_sort-81	merge_sort	Singleton	deps=merge_sort-24-0,merge_sort-25-1,merge_sort-26-2,merge_sort-27-3,merge_sort-28-4,merge_sort-29-5,merge_sort-30-6,merge_sort-31-7,merge_sort-32-8,merge_sort-33-9,merge_sort-34-10,merge_sort-35-11,merge_sort-36-12,merge_sort-37-13,merge_sort-38-14,merge_sort-39-15,merge_sort-40-16,merge_sort-41-17,merge_sort-42-18,merge_sort-43-19,merge_sort-44-20,merge_sort-45-21,merge_sort-46-22,merge_sort-47-23,merge_sort-48-24,merge_sort-49-25,merge_sort-50-26,merge_sort-51-27,merge_sort-52-28,merge_sort-53-29,merge_sort-54-30,merge_sort-55-31,merge_sort-56-32,merge_sort-57-33,merge_sort-58-34,merge_sort-59-35,merge_sort-60-36,merge_sort-61-37,merge_sort-62-38,merge_sort-63-39,merge_sort-64-40,merge_sort-65-41,merge_sort-66-42,merge_sort-67-43,merge_sort-68-44,merge_sort-69-45,merge_sort-70-46,merge_sort-71-47,merge_sort-72-48,merge_sort-73-49,merge_sort-74-50,merge_sort-75-51,merge_sort-76-52,merge_sort-77-53,merge_sort-78-54,merge_sort-79-55,merge_sort-80-56
exchange-gather-merge_sort-81	exchange-gather	Singleton	deps=merge_sort-81
