scan-0	scan	Singleton
scan-1	scan	Singleton
scan-3	scan	Singleton
join-4	broadcast_join	Singleton	deps=scan-0,exchange-replicate-join-4-3,scan-1
scan-5	scan	Singleton
exchange-repartition-6	exchange-repartition	Hash(l_suppkey,l_partkey)/32	deps=join-4
exchange-repartition-7	exchange-repartition	Hash(ps_suppkey,ps_partkey)/32	deps=scan-5
join-8	hash_join	Hash(l_orderkey)/32	deps=exchange-repartition-6,exchange-repartition-7
scan-9	scan	Singleton
exchange-repartition-11	exchange-repartition	Hash(o_orderkey)/32	deps=scan-9
join-12	hash_join	Hash(l_orderkey)/32	deps=join-8,exchange-repartition-11,exchange-replicate-join-14-13
scan-13	scan	Singleton
final_aggregate-16	final_aggregate	Singleton	deps=join-12
exchange-replicate-join-4-3	exchange-replicate	Broadcast	deps=scan-3
exchange-replicate-join-14-13	exchange-replicate	Broadcast	deps=scan-13
exchange-gather-final_aggregate-16	exchange-gather	Singleton	deps=final_aggregate-16
