scan-0	scan	Singleton
scan-1	scan	Singleton
merge_aggregate-2-0	final_aggregate	Hash(l_suppkey)/38	deps=scan-1
merge_aggregate-3-1	final_aggregate	Hash(l_suppkey)/38	deps=scan-1
merge_aggregate-4-2	final_aggregate	Hash(l_suppkey)/38	deps=scan-1
merge_aggregate-5-3	final_aggregate	Hash(l_suppkey)/38	deps=scan-1
merge_aggregate-6-4	final_aggregate	Hash(l_suppkey)/38	deps=scan-1
merge_aggregate-7-5	final_aggregate	Hash(l_suppkey)/38	deps=scan-1
merge_aggregate-8-6	final_aggregate	Hash(l_suppkey)/38	deps=scan-1
merge_aggregate-9-7	final_aggregate	Hash(l_suppkey)/38	deps=scan-1
merge_aggregate-10-8	final_aggregate	Hash(l_suppkey)/38	deps=scan-1
merge_aggregate-11-9	final_aggregate	Hash(l_suppkey)/38	deps=scan-1
merge_aggregate-12-10	final_aggregate	Hash(l_suppkey)/38	deps=scan-1
merge_aggregate-13-11	final_aggregate	Hash(l_suppkey)/38	deps=scan-1
merge_aggregate-14-12	final_aggregate	Hash(l_suppkey)/38	deps=scan-1
merge_aggregate-15-13	final_aggregate	Hash(l_suppkey)/38	deps=scan-1
merge_aggregate-16-14	final_aggregate	Hash(l_suppkey)/38	deps=scan-1
merge_aggregate-17-15	final_aggregate	Hash(l_suppkey)/38	deps=scan-1
merge_aggregate-18-16	final_aggregate	Hash(l_suppkey)/38	deps=scan-1
merge_aggregate-19-17	final_aggregate	Hash(l_suppkey)/38	deps=scan-1
merge_aggregate-20-18	final_aggregate	Hash(l_suppkey)/38	deps=scan-1
merge_aggregate-21-19	final_aggregate	Hash(l_suppkey)/38	deps=scan-1
merge_aggregate-22-20	final_aggregate	Hash(l_suppkey)/38	deps=scan-1
merge_aggregate-23-21	final_aggregate	Hash(l_suppkey)/38	deps=scan-1
merge_aggregate-24-22	final_aggregate	Hash(l_suppkey)/38	deps=scan-1
merge_aggregate-25-23	final_aggregate	Hash(l_suppkey)/38	deps=scan-1
merge_aggregate-26-24	final_aggregate	Hash(l_suppkey)/38	deps=scan-1
merge_aggregate-27-25	final_aggregate	Hash(l_suppkey)/38	deps=scan-1
merge_aggregate-28-26	final_aggregate	Hash(l_suppkey)/38	deps=scan-1
merge_aggregate-29-27	final_aggregate	Hash(l_suppkey)/38	deps=scan-1
merge_aggregate-30-28	final_aggregate	Hash(l_suppkey)/38	deps=scan-1
merge_aggregate-31-29	final_aggregate	Hash(l_suppkey)/38	deps=scan-1
merge_aggregate-32-30	final_aggregate	Hash(l_suppkey)/38	deps=scan-1
merge_aggregate-33-31	final_aggregate	Hash(l_suppkey)/38	deps=scan-1
merge_aggregate-34-32	final_aggregate	Hash(l_suppkey)/38	deps=scan-1
merge_aggregate-35-33	final_aggregate	Hash(l_suppkey)/38	deps=scan-1
merge_aggregate-36-34	final_aggregate	Hash(l_suppkey)/38	deps=scan-1
merge_aggregate-37-35	final_aggregate	Hash(l_suppkey)/38	deps=scan-1
merge_aggregate-38-36	final_aggregate	Hash(l_suppkey)/38	deps=scan-1
merge_aggregate-39-37	final_aggregate	Hash(l_suppkey)/38	deps=scan-1
final_aggregate-40	final_aggregate	Singleton	deps=merge_aggregate-2-0,merge_aggregate-3-1,merge_aggregate-4-2,merge_aggregate-5-3,merge_aggregate-6-4,merge_aggregate-7-5,merge_aggregate-8-6,merge_aggregate-9-7,merge_aggregate-10-8,merge_aggregate-11-9,merge_aggregate-12-10,merge_aggregate-13-11,merge_aggregate-14-12,merge_aggregate-15-13,merge_aggregate-16-14,merge_aggregate-17-15,merge_aggregate-18-16,merge_aggregate-19-17,merge_aggregate-20-18,merge_aggregate-21-19,merge_aggregate-22-20,merge_aggregate-23-21,merge_aggregate-24-22,merge_aggregate-25-23,merge_aggregate-26-24,merge_aggregate-27-25,merge_aggregate-28-26,merge_aggregate-29-27,merge_aggregate-30-28,merge_aggregate-31-29,merge_aggregate-32-30,merge_aggregate-33-31,merge_aggregate-34-32,merge_aggregate-35-33,merge_aggregate-36-34,merge_aggregate-37-35,merge_aggregate-38-36,merge_aggregate-39-37
exchange-repartition-41	exchange-repartition	Hash(s_suppkey)/32	deps=scan-0
exchange-repartition-42	exchange-repartition	Hash(l_suppkey)/32	deps=final_aggregate-40
join-43	hash_join	Hash(s_suppkey)/32	deps=exchange-repartition-41,exchange-repartition-42
sort-44	sort	Singleton	deps=join-43
merge_sort-45-0	merge_sort	Hash(s_suppkey)/43	deps=sort-44
merge_sort-46-1	merge_sort	Hash(s_suppkey)/43	deps=sort-44
merge_sort-47-2	merge_sort	Hash(s_suppkey)/43	deps=sort-44
merge_sort-48-3	merge_sort	Hash(s_suppkey)/43	deps=sort-44
merge_sort-49-4	merge_sort	Hash(s_suppkey)/43	deps=sort-44
merge_sort-50-5	merge_sort	Hash(s_suppkey)/43	deps=sort-44
merge_sort-51-6	merge_sort	Hash(s_suppkey)/43	deps=sort-44
merge_sort-52-7	merge_sort	Hash(s_suppkey)/43	deps=sort-44
merge_sort-53-8	merge_sort	Hash(s_suppkey)/43	deps=sort-44
merge_sort-54-9	merge_sort	Hash(s_suppkey)/43	deps=sort-44
merge_sort-55-10	merge_sort	Hash(s_suppkey)/43	deps=sort-44
merge_sort-56-11	merge_sort	Hash(s_suppkey)/43	deps=sort-44
merge_sort-57-12	merge_sort	Hash(s_suppkey)/43	deps=sort-44
merge_sort-58-13	merge_sort	Hash(s_suppkey)/43	deps=sort-44
merge_sort-59-14	merge_sort	Hash(s_suppkey)/43	deps=sort-44
merge_sort-60-15	merge_sort	Hash(s_suppkey)/43	deps=sort-44
merge_sort-61-16	merge_sort	Hash(s_suppkey)/43	deps=sort-44
merge_sort-62-17	merge_sort	Hash(s_suppkey)/43	deps=sort-44
merge_sort-63-18	merge_sort	Hash(s_suppkey)/43	deps=sort-44
merge_sort-64-19	merge_sort	Hash(s_suppkey)/43	deps=sort-44
merge_sort-65-20	merge_sort	Hash(s_suppkey)/43	deps=sort-44
merge_sort-66-21	merge_sort	Hash(s_suppkey)/43	deps=sort-44
merge_sort-67-22	merge_sort	Hash(s_suppkey)/43	deps=sort-44
merge_sort-68-23	merge_sort	Hash(s_suppkey)/43	deps=sort-44
merge_sort-69-24	merge_sort	Hash(s_suppkey)/43	deps=sort-44
merge_sort-70-25	merge_sort	Hash(s_suppkey)/43	deps=sort-44
merge_sort-71-26	merge_sort	Hash(s_suppkey)/43	deps=sort-44
merge_sort-72-27	merge_sort	Hash(s_suppkey)/43	deps=sort-44
merge_sort-73-28	merge_sort	Hash(s_suppkey)/43	deps=sort-44
merge_sort-74-29	merge_sort	Hash(s_suppkey)/43	deps=sort-44
merge_sort-75-30	merge_sort	Hash(s_suppkey)/43	deps=sort-44
merge_sort-76-31	merge_sort	Hash(s_suppkey)/43	deps=sort-44
merge_sort-77-32	merge_sort	Hash(s_suppkey)/43	deps=sort-44
merge_sort-78-33	merge_sort	Hash(s_suppkey)/43	deps=sort-44
merge_sort-79-34	merge_sort	Hash(s_suppkey)/43	deps=sort-44
merge_sort-80-35	merge_sort	Hash(s_suppkey)/43	deps=sort-44
merge_sort-81-36	merge_sort	Hash(s_suppkey)/43	deps=sort-44
merge_sort-82-37	merge_sort	Hash(s_suppkey)/43	deps=sort-44
merge_sort-83-38	merge_sort	Hash(s_suppkey)/43	deps=sort-44
merge_sort-84-39	merge_sort	Hash(s_suppkey)/43	deps=sort-44
merge_sort-85-40	merge_sort	Hash(s_suppkey)/43	deps=sort-44
merge_sort-86-41	merge_sort	Hash(s_suppkey)/43	deps=sort-44
merge_sort-87-42	merge_sort	Hash(s_suppkey)/43	deps=sort-44
merge_sort-88	merge_sort	Singleton	deps=merge_sort-45-0,merge_sort-46-1,merge_sort-47-2,merge_sort-48-3,merge_sort-49-4,merge_sort-50-5,merge_sort-51-6,merge_sort-52-7,merge_sort-53-8,merge_sort-54-9,merge_sort-55-10,merge_sort-56-11,merge_sort-57-12,merge_sort-58-13,merge_sort-59-14,merge_sort-60-15,merge_sort-61-16,merge_sort-62-17,merge_sort-63-18,merge_sort-64-19,merge_sort-65-20,merge_sort-66-21,merge_sort-67-22,merge_sort-68-23,merge_sort-69-24,merge_sort-70-25,merge_sort-71-26,merge_sort-72-27,merge_sort-73-28,merge_sort-74-29,merge_sort-75-30,merge_sort-76-31,merge_sort-77-32,merge_sort-78-33,merge_sort-79-34,merge_sort-80-35,merge_sort-81-36,merge_sort-82-37,merge_sort-83-38,merge_sort-84-39,merge_sort-85-40,merge_sort-86-41,merge_sort-87-42
