scan-0	scan	Singleton
scan-1	scan	RoundRobin
final_aggregate-40	final_aggregate	Hash(l_suppkey)/4	deps=exchange-repartition-final_aggregate-40-2
exchange-repartition-41	exchange-repartition	Hash(s_suppkey)/32	deps=scan-0
exchange-repartition-42	exchange-repartition	Hash(l_suppkey)/32	deps=final_aggregate-40
join-43	hash_join	Hash(s_suppkey)/32	deps=exchange-repartition-41,exchange-repartition-42
scan-44	scan	RoundRobin
final_aggregate-83	final_aggregate	Hash(l_suppkey)/4	deps=exchange-repartition-final_aggregate-83-7
aggregate-84	aggregate	Singleton	deps=final_aggregate-83
final_aggregate-85	final_aggregate	Singleton	deps=aggregate-84
sort-86	sort	Singleton	deps=join-43
exchange-repartition-final_aggregate-40-2	exchange-repartition	Hash(l_suppkey)/4	deps=scan-1
exchange-repartition-final_aggregate-83-7	exchange-repartition	Hash(l_suppkey)/4	deps=scan-44
exchange-gather-sort-86	exchange-gather	Singleton	deps=sort-86
