scan-0	scan	Hash(ps_partkey)/32
scan-1	scan	Hash(p_partkey)/32
join-4	hash_join	Hash(ps_partkey)/32	deps=scan-0,scan-1
aggregate-5	aggregate	RoundRobin	deps=join-4
final_aggregate-6	final_aggregate	Singleton	deps=aggregate-5
exchange-gather-final_aggregate-6	exchange-gather	Singleton	deps=final_aggregate-6
