scan-0	scan	Singleton
scan-1	scan	Singleton
join-2	broadcast_join	Singleton	deps=scan-0,exchange-replicate-join-2-2
scan-3	scan	Singleton
scan-4	scan	Singleton
join-5	broadcast_join	Singleton	deps=scan-3,exchange-replicate-join-5-5
aggregate-6	aggregate	RoundRobin	deps=join-5
final_aggregate-7	final_aggregate	Hash(l_partkey)/32	deps=exchange-repartition-final_aggregate-7-7
exchange-repartition-8	exchange-repartition	Hash(p_partkey)/32	deps=join-2
join-10	hash_join	Hash(p_partkey)/32	deps=exchange-repartition-8,final_aggregate-7
final_aggregate-12	final_aggregate	Singleton	deps=join-10
exchange-replicate-join-2-2	exchange-replicate	Broadcast	deps=scan-1
exchange-replicate-join-5-5	exchange-replicate	Broadcast	deps=scan-4
exchange-repartition-final_aggregate-7-7	exchange-repartition	Hash(l_partkey)/32	deps=aggregate-6
exchange-gather-final_aggregate-12	exchange-gather	Singleton	deps=final_aggregate-12
