scan-0	scan	Singleton
scan-1	scan	Singleton
exchange-repartition-2	exchange-repartition	Hash(o_custkey)/32	deps=scan-0
exchange-repartition-3	exchange-repartition	Hash(c_custkey)/32	deps=scan-1
join-4	hash_join	Hash(o_orderkey)/32	deps=exchange-repartition-2,exchange-repartition-3
scan-5	scan	Singleton
exchange-repartition-7	exchange-repartition	Hash(l_orderkey)/32	deps=scan-5
join-8	hash_join	Hash(c_name,c_custkey,o_orderkey,o_orderdate,o_totalprice)/4	deps=join-4,exchange-repartition-7,final_aggregate-48
final_aggregate-48	final_aggregate	Hash(l_orderkey)/32	deps=exchange-repartition-7
final_aggregate-53	final_aggregate	Hash(c_name,c_custkey,o_orderkey,o_orderdate,o_totalprice)/4	deps=join-8
sort-54	sort	Singleton	deps=final_aggregate-53
exchange-gather-sort-54	exchange-gather	Singleton	deps=sort-54
