scan-0	scan	Singleton
scan-1	scan	Singleton
join-2	broadcast_join	Singleton	deps=scan-0,scan-1
scan-3	scan	Singleton
scan-4	scan	Singleton
exchange-repartition-5	exchange-repartition	Hash(ps_partkey)/32	deps=scan-3
exchange-repartition-6	exchange-repartition	Hash(p_partkey)/32	deps=scan-4
join-7	hash_join	Hash(ps_partkey)/32	deps=exchange-repartition-5,exchange-repartition-6
scan-8	scan	Singleton
merge_aggregate-9-0	final_aggregate	Hash(l_partkey,l_suppkey)/38	deps=scan-8
merge_aggregate-10-1	final_aggregate	Hash(l_partkey,l_suppkey)/38	deps=scan-8
merge_aggregate-11-2	final_aggregate	Hash(l_partkey,l_suppkey)/38	deps=scan-8
merge_aggregate-12-3	final_aggregate	Hash(l_partkey,l_suppkey)/38	deps=scan-8
merge_aggregate-13-4	final_aggregate	Hash(l_partkey,l_suppkey)/38	deps=scan-8
merge_aggregate-14-5	final_aggregate	Hash(l_partkey,l_suppkey)/38	deps=scan-8
merge_aggregate-15-6	final_aggregate	Hash(l_partkey,l_suppkey)/38	deps=scan-8
merge_aggregate-16-7	final_aggregate	Hash(l_partkey,l_suppkey)/38	deps=scan-8
merge_aggregate-17-8	final_aggregate	Hash(l_partkey,l_suppkey)/38	deps=scan-8
merge_aggregate-18-9	final_aggregate	Hash(l_partkey,l_suppkey)/38	deps=scan-8
merge_aggregate-19-10	final_aggregate	Hash(l_partkey,l_suppkey)/38	deps=scan-8
merge_aggregate-20-11	final_aggregate	Hash(l_partkey,l_suppkey)/38	deps=scan-8
merge_aggregate-21-12	final_aggregate	Hash(l_partkey,l_suppkey)/38	deps=scan-8
merge_aggregate-22-13	final_aggregate	Hash(l_partkey,l_suppkey)/38	deps=scan-8
merge_aggregate-23-14	final_aggregate	Hash(l_partkey,l_suppkey)/38	deps=scan-8
merge_aggregate-24-15	final_aggregate	Hash(l_partkey,l_suppkey)/38	deps=scan-8
merge_aggregate-25-16	final_aggregate	Hash(l_partkey,l_suppkey)/38	deps=scan-8
merge_aggregate-26-17	final_aggregate	Hash(l_partkey,l_suppkey)/38	deps=scan-8
merge_aggregate-27-18	final_aggregate	Hash(l_partkey,l_suppkey)/38	deps=scan-8
merge_aggregate-28-19	final_aggregate	Hash(l_partkey,l_suppkey)/38	deps=scan-8
merge_aggregate-29-20	final_aggregate	Hash(l_partkey,l_suppkey)/38	deps=scan-8
merge_aggregate-30-21	final_aggregate	Hash(l_partkey,l_suppkey)/38	deps=scan-8
merge_aggregate-31-22	final_aggregate	Hash(l_partkey,l_suppkey)/38	deps=scan-8
merge_aggregate-32-23	final_aggregate	Hash(l_partkey,l_suppkey)/38	deps=scan-8
merge_aggregate-33-24	final_aggregate	Hash(l_partkey,l_suppkey)/38	deps=scan-8
merge_aggregate-34-25	final_aggregate	Hash(l_partkey,l_suppkey)/38	deps=scan-8
merge_aggregate-35-26	final_aggregate	Hash(l_partkey,l_suppkey)/38	deps=scan-8
merge_aggregate-36-27	final_aggregate	Hash(l_partkey,l_suppkey)/38	deps=scan-8
merge_aggregate-37-28	final_aggregate	Hash(l_partkey,l_suppkey)/38	deps=scan-8
merge_aggregate-38-29	final_aggregate	Hash(l_partkey,l_suppkey)/38	deps=scan-8
merge_aggregate-39-30	final_aggregate	Hash(l_partkey,l_suppkey)/38	deps=scan-8
merge_aggregate-40-31	final_aggregate	Hash(l_partkey,l_suppkey)/38	deps=scan-8
merge_aggregate-41-32	final_aggregate	Hash(l_partkey,l_suppkey)/38	deps=scan-8
merge_aggregate-42-33	final_aggregate	Hash(l_partkey,l_suppkey)/38	deps=scan-8
merge_aggregate-43-34	final_aggregate	Hash(l_partkey,l_suppkey)/38	deps=scan-8
merge_aggregate-44-35	final_aggregate	Hash(l_partkey,l_suppkey)/38	deps=scan-8
merge_aggregate-45-36	final_aggregate	Hash(l_partkey,l_suppkey)/38	deps=scan-8
merge_aggregate-46-37	final_aggregate	Hash(l_partkey,l_suppkey)/38	deps=scan-8
final_aggregate-47	final_aggregate	Singleton	deps=merge_aggregate-9-0,merge_aggregate-10-1,merge_aggregate-11-2,merge_aggregate-12-3,merge_aggregate-13-4,merge_aggregate-14-5,merge_aggregate-15-6,merge_aggregate-16-7,merge_aggregate-17-8,merge_aggregate-18-9,merge_aggregate-19-10,merge_aggregate-20-11,merge_aggregate-21-12,merge_aggregate-22-13,merge_aggregate-23-14,merge_aggregate-24-15,merge_aggregate-25-16,merge_aggregate-26-17,merge_aggregate-27-18,merge_aggregate-28-19,merge_aggregate-29-20,merge_aggregate-30-21,merge_aggregate-31-22,merge_aggregate-32-23,merge_aggregate-33-24,merge_aggregate-34-25,merge_aggregate-35-26,merge_aggregate-36-27,merge_aggregate-37-28,merge_aggregate-38-29,merge_aggregate-39-30,merge_aggregate-40-31,merge_aggregate-41-32,merge_aggregate-42-33,merge_aggregate-43-34,merge_aggregate-44-35,merge_aggregate-45-36,merge_aggregate-46-37
exchange-repartition-48	exchange-repartition	Hash(ps_partkey,ps_suppkey)/32	deps=join-7
exchange-repartition-49	exchange-repartition	Hash(l_partkey,l_suppkey)/32	deps=final_aggregate-47
join-50	hash_join	Hash(ps_partkey,ps_suppkey)/32	deps=exchange-repartition-48,exchange-repartition-49
exchange-repartition-51	exchange-repartition	Hash(s_suppkey)/32	deps=join-2
exchange-repartition-52	exchange-repartition	Hash(ps_suppkey)/32	deps=join-50
join-53	hash_join	Hash(s_suppkey)/32	deps=exchange-repartition-51,exchange-repartition-52
sort-54	sort	Singleton	deps=join-53
merge_sort-55-0	merge_sort	Hash(s_name)/53	deps=sort-54
merge_sort-56-1	merge_sort	Hash(s_name)/53	deps=sort-54
merge_sort-57-2	merge_sort	Hash(s_name)/53	deps=sort-54
merge_sort-58-3	merge_sort	Hash(s_name)/53	deps=sort-54
merge_sort-59-4	merge_sort	Hash(s_name)/53	deps=sort-54
merge_sort-60-5	merge_sort	Hash(s_name)/53	deps=sort-54
merge_sort-61-6	merge_sort	Hash(s_name)/53	deps=sort-54
merge_sort-62-7	merge_sort	Hash(s_name)/53	deps=sort-54
merge_sort-63-8	merge_sort	Hash(s_name)/53	deps=sort-54
merge_sort-64-9	merge_sort	Hash(s_name)/53	deps=sort-54
merge_sort-65-10	merge_sort	Hash(s_name)/53	deps=sort-54
merge_sort-66-11	merge_sort	Hash(s_name)/53	deps=sort-54
merge_sort-67-12	merge_sort	Hash(s_name)/53	deps=sort-54
merge_sort-68-13	merge_sort	Hash(s_name)/53	deps=sort-54
merge_sort-69-14	merge_sort	Hash(s_name)/53	deps=sort-54
merge_sort-70-15	merge_sort	Hash(s_name)/53	deps=sort-54
merge_sort-71-16	merge_sort	Hash(s_name)/53	deps=sort-54
merge_sort-72-17	merge_sort	Hash(s_name)/53	deps=sort-54
merge_sort-73-18	merge_sort	Hash(s_name)/53	deps=sort-54
merge_sort-74-19	merge_sort	Hash(s_name)/53	deps=sort-54
merge_sort-75-20	merge_sort	Hash(s_name)/53	deps=sort-54
merge_sort-76-21	merge_sort	Hash(s_name)/53	deps=sort-54
merge_sort-77-22	merge_sort	Hash(s_name)/53	deps=sort-54
merge_sort-78-23	merge_sort	Hash(s_name)/53	deps=sort-54
merge_sort-79-24	merge_sort	Hash(s_name)/53	deps=sort-54
merge_sort-80-25	merge_sort	Hash(s_name)/53	deps=sort-54
merge_sort-81-26	merge_sort	Hash(s_name)/53	deps=sort-54
merge_sort-82-27	merge_sort	Hash(s_name)/53	deps=sort-54
merge_sort-83-28	merge_sort	Hash(s_name)/53	deps=sort-54
merge_sort-84-29	merge_sort	Hash(s_name)/53	deps=sort-54
merge_sort-85-30	merge_sort	Hash(s_name)/53	deps=sort-54
merge_sort-86-31	merge_sort	Hash(s_name)/53	deps=sort-54
merge_sort-87-32	merge_sort	Hash(s_name)/53	deps=sort-54
merge_sort-88-33	merge_sort	Hash(s_name)/53	deps=sort-54
merge_sort-89-34	merge_sort	Hash(s_name)/53	deps=sort-54
merge_sort-90-35	merge_sort	Hash(s_name)/53	deps=sort-54
merge_sort-91-36	merge_sort	Hash(s_name)/53	deps=sort-54
merge_sort-92-37	merge_sort	Hash(s_name)/53	deps=sort-54
merge_sort-93-38	merge_sort	Hash(s_name)/53	deps=sort-54
merge_sort-94-39	merge_sort	Hash(s_name)/53	deps=sort-54
merge_sort-95-40	merge_sort	Hash(s_name)/53	deps=sort-54
merge_sort-96-41	merge_sort	Hash(s_name)/53	deps=sort-54
merge_sort-97-42	merge_sort	Hash(s_name)/53	deps=sort-54
merge_sort-98-43	merge_sort	Hash(s_name)/53	deps=sort-54
merge_sort-99-44	merge_sort	Hash(s_name)/53	deps=sort-54
merge_sort-100-45	merge_sort	Hash(s_name)/53	deps=sort-54
merge_sort-101-46	merge_sort	Hash(s_name)/53	deps=sort-54
merge_sort-102-47	merge_sort	Hash(s_name)/53	deps=sort-54
merge_sort-103-48	merge_sort	Hash(s_name)/53	deps=sort-54
merge_sort-104-49	merge_sort	Hash(s_name)/53	deps=sort-54
merge_sort-105-50	merge_sort	Hash(s_name)/53	deps=sort-54
merge_sort-106-51	merge_sort	Hash(s_name)/53	deps=sort-54
merge_sort-107-52	merge_sort	Hash(s_name)/53	deps=sort-54
merge_sort-108	merge_sort	Singleton	deps=merge_sort-55-0,merge_sort-56-1,merge_sort-57-2,merge_sort-58-3,merge_sort-59-4,merge_sort-60-5,merge_sort-61-6,merge_sort-62-7,merge_sort-63-8,merge_sort-64-9,merge_sort-65-10,merge_sort-66-11,merge_sort-67-12,merge_sort-68-13,merge_sort-69-14,merge_sort-70-15,merge_sort-71-16,merge_sort-72-17,merge_sort-73-18,merge_sort-74-19,merge_sort-75-20,merge_sort-76-21,merge_sort-77-22,merge_sort-78-23,merge_sort-79-24,merge_sort-80-25,merge_sort-81-26,merge_sort-82-27,merge_sort-83-28,merge_sort-84-29,merge_sort-85-30,merge_sort-86-31,merge_sort-87-32,merge_sort-88-33,merge_sort-89-34,merge_sort-90-35,merge_sort-91-36,merge_sort-92-37,merge_sort-93-38,merge_sort-94-39,merge_sort-95-40,merge_sort-96-41,merge_sort-97-42,merge_sort-98-43,merge_sort-99-44,merge_sort-100-45,merge_sort-101-46,merge_sort-102-47,merge_sort-103-48,merge_sort-104-49,merge_sort-105-50,merge_sort-106-51,merge_sort-107-52
exchange-gather-merge_sort-108	exchange-gather	Singleton	deps=merge_sort-108
