scan-0	scan	Singleton
scan-1	scan	Singleton
join-2	broadcast_join	Singleton	deps=scan-0,exchange-replicate-join-2-2
scan-3	scan	Hash(o_orderkey)/32
exchange-repartition-4	exchange-repartition	Hash(l1.l_orderkey)/32	deps=join-2
join-6	hash_join	Hash(l_orderkey)/32	deps=exchange-repartition-4,scan-3,exchange-replicate-join-8-8
scan-7	scan	Singleton
scan-9	scan	Singleton	deps=join-6
exchange-repartition-11	exchange-repartition	Hash(l_orderkey)/32	deps=scan-9
join-12	hash_join	Hash(s_name)/32	deps=join-6,exchange-repartition-11,exchange-repartition-11
final_aggregate-18	final_aggregate	Hash(s_name)/32	deps=join-12
sort-19	sort	Singleton	deps=final_aggregate-18
exchange-replicate-join-2-2	exchange-replicate	Broadcast	deps=scan-1
exchange-replicate-join-8-8	exchange-replicate	Broadcast	deps=scan-7
exchange-gather-sort-19	exchange-gather	Singleton	deps=sort-19
