scan-0	scan	Singleton
scan-1	scan	Hash(l_suppkey)/32
final_aggregate-40	final_aggregate	Hash(l_suppkey)/32	deps=scan-1
exchange-repartition-41	exchange-repartition	Hash(s_suppkey)/32	deps=scan-0
join-43	hash_join	Hash(s_suppkey)/32	deps=exchange-repartition-41,final_aggregate-40
aggregate-45	aggregate	Singleton	deps=final_aggregate-40
final_aggregate-46	final_aggregate	Singleton	deps=aggregate-45
sort-47	sort	Singleton	deps=join-43
exchange-gather-sort-47	exchange-gather	Singleton	deps=sort-47
