scan-0	scan	Singleton
scan-1	scan	Singleton
final_aggregate-41	final_aggregate	Hash(l_orderkey)/32	deps=exchange-repartition-50
exchange-repartition-42	exchange-repartition	Hash(o_orderkey)/32	deps=scan-1
join-44	hash_join	Hash(o_custkey)/32	deps=exchange-repartition-42,final_aggregate-41
exchange-repartition-45	exchange-repartition	Hash(c_custkey)/32	deps=scan-0
join-47	hash_join	Hash(o_orderkey)/32	deps=exchange-repartition-45,join-44
scan-48	scan	Singleton
exchange-repartition-50	exchange-repartition	Hash(l_orderkey)/32	deps=scan-48
join-51	hash_join	Hash(c_name,c_custkey,o_orderkey,o_orderdate,o_totalprice)/32	deps=join-47,exchange-repartition-50
final_aggregate-53	final_aggregate	Hash(c_name,c_custkey,o_orderkey,o_orderdate,o_totalprice)/32	deps=join-51
sort-54	sort	Singleton	deps=final_aggregate-53
exchange-gather-sort-54	exchange-gather	Singleton	deps=sort-54
