n_name=FRANCE p_mfgr=Manufacturer#1 p_partkey=14141 s_acctbal=1088.32 s_address=jmvlrfzyxlyxhcmmqjlbtuo s_comment=sswkqcuuoimuhyfywkjwxplqhqsacxmbklnsavlsimfxztbjyhxhsynifgcjoleatspxkxzo s_name=Supplier#000000562 s_phone=28-164-661-4663
n_name=FRANCE p_mfgr=Manufacturer#2 p_partkey=12642 s_acctbal=1353.46 s_address=ccpofvkxegvpvygijpaw s_comment=rtiwpcazhafpsmkgzmfyhkcmjzqqxtwaeoqktxhrbynjlrpcleyxjzlotqogetcennizpdjocznhbxt s_name=Supplier#000000568 s_phone=33-122-798-3475
n_name=FRANCE p_mfgr=Manufacturer#2 p_partkey=5867 s_acctbal=1280.37 s_address=hoetwbbocopbmwpmhfi s_comment=hxpokkbchmypiuqdwkgqpctynawbmltnf s_name=Supplier#000000467 s_phone=15-026-743-2267
n_name=FRANCE p_mfgr=Manufacturer#2 p_partkey=9316 s_acctbal=2241.4 s_address=lkmkckevwtgqvjhvnukjwoym s_comment=kwpokcuiatmfcntnqxoawkoajgfcqx s_name=Supplier#000000262 s_phone=31-883-151-4633
n_name=FRANCE p_mfgr=Manufacturer#3 p_partkey=2743 s_acctbal=5792.93 s_address=kierhwokkgnpmjup s_comment=whycnnbyxreejwcjeicsznsgpvaduihbqvmzvvnlp s_name=Supplier#000000970 s_phone=34-845-058-0168
n_name=FRANCE p_mfgr=Manufacturer#4 p_partkey=310 s_acctbal=7467.37 s_address=arlrpneaovpxthi s_comment=glzxhdemkomitchkjdbjfcyjccmhxyzrhzujwcniquccljsfnnv s_name=Supplier#000000240 s_phone=11-127-111-9730
n_name=FRANCE p_mfgr=Manufacturer#5 p_partkey=19042 s_acctbal=169 s_address=tjscelsbvzbycaesiwbp s_comment=cynovypvjwttjzzjtalmfqcuzuvwxctqjjgpvskswmftxlq s_name=Supplier#000000165 s_phone=16-428-664-8730
n_name=FRANCE p_mfgr=Manufacturer#5 p_partkey=5641 s_acctbal=1088.32 s_address=jmvlrfzyxlyxhcmmqjlbtuo s_comment=sswkqcuuoimuhyfywkjwxplqhqsacxmbklnsavlsimfxztbjyhxhsynifgcjoleatspxkxzo s_name=Supplier#000000562 s_phone=28-164-661-4663
n_name=FRANCE p_mfgr=Manufacturer#5 p_partkey=8049 s_acctbal=2475.46 s_address=bdenbyoaicmfoutkzoraeojj s_comment=mpskfdxjgsbnduqzwfuzobreedfvo s_name=Supplier#000000196 s_phone=26-716-990-0408
n_name=GERMANY p_mfgr=Manufacturer#1 p_partkey=14551 s_acctbal=4874.28 s_address=uglblfpfujuuipmepfmlhopaj s_comment=uqqyffbuhhppfkdjxeuj s_name=Supplier#000000203 s_phone=21-080-517-7809
n_name=GERMANY p_mfgr=Manufacturer#2 p_partkey=14973 s_acctbal=6753.86 s_address=bwrsbinwwejpxnjhaufa s_comment=juwdevimcefgwrqhovfridamvzajpeemdixooauwxjrbrtrzhbsplbmpdjxzfswdtjchzqtef s_name=Supplier#000000892 s_phone=31-181-145-1006
n_name=GERMANY p_mfgr=Manufacturer#3 p_partkey=2367 s_acctbal=-882.19 s_address=jzpfpkulgvlgfpparhwmij s_comment=svpkfsboayzgyhhgyrkizrxzqncyuvqztgnxrajmxgoukvwpifmrzg s_name=Supplier#000000465 s_phone=19-656-018-4988
n_name=GERMANY p_mfgr=Manufacturer#3 p_partkey=2570 s_acctbal=3986.99 s_address=uwuyygmjnudx s_comment=qbrmtoehwlxmdzikfpeopptiuxzqxfqmcozhipfopbeswpfngfkccwmboqbzewznyqaqenkarugibohr s_name=Supplier#000000280 s_phone=32-241-455-5877
n_name=GERMANY p_mfgr=Manufacturer#5 p_partkey=14676 s_acctbal=1929.27 s_address=cjciphefpxqyrtiwqqd s_comment=urzphyajngiwnnqgtsiqivujbsynviucsltjvdoyosqzbgdqjxzkaatvert s_name=Supplier#000000701 s_phone=18-938-671-1064
n_name=GERMANY p_mfgr=Manufacturer#5 p_partkey=17867 s_acctbal=-882.19 s_address=jzpfpkulgvlgfpparhwmij s_comment=svpkfsboayzgyhhgyrkizrxzqncyuvqztgnxrajmxgoukvwpifmrzg s_name=Supplier#000000465 s_phone=19-656-018-4988
n_name=ROMANIA p_mfgr=Manufacturer#1 p_partkey=9795 s_acctbal=2114.78 s_address=mqzhnnmjbizmusdpkdzp s_comment=oxfwtcxotzppqtwjgplvfqlpgziwptnlpbryzovcmcbytfhcdyddozkhevttvpjxkxgnji s_name=Supplier#000000179 s_phone=34-877-049-7160
n_name=ROMANIA p_mfgr=Manufacturer#2 p_partkey=11795 s_acctbal=-887.49 s_address=mjhjytjmrkdripqke s_comment=ogvznplisubqvtsybpzrznjlihfvzmr s_name=Supplier#000000177 s_phone=12-248-137-6279
n_name=ROMANIA p_mfgr=Manufacturer#2 p_partkey=18802 s_acctbal=7012.11 s_address=ocmtzwxuhcvjbgincafinphfe s_comment=qgqxvqfmfchjgkgiyoxipfrkhdddblhqpkkuyfthnwnplxggiypghxnwwemntxlngxuyfnidlqfrf s_name=Supplier#000000207 s_phone=14-855-600-5712
n_name=ROMANIA p_mfgr=Manufacturer#2 p_partkey=2451 s_acctbal=2376.17 s_address=mefxmvewrmezlztsqoeribwyc s_comment=zqxprrbzwhrrwsraszfjrnxwfavevvlwsufzvxxeqksifnvoftnihgkzsytxfxb s_name=Supplier#000000801 s_phone=20-489-995-4292
n_name=ROMANIA p_mfgr=Manufacturer#3 p_partkey=1406 s_acctbal=5622.88 s_address=ekivqqhcpercdttvutksswc s_comment=ulxvdfxqqdltcvboniovgsijhnczmntgtrjhaqcncnitlytuoymeomm s_name=Supplier#000000623 s_phone=14-600-015-5271
n_name=ROMANIA p_mfgr=Manufacturer#3 p_partkey=3399 s_acctbal=4072.42 s_address=qbkrjtpokaszuccjpmtoe s_comment=erbnqlucbkevdwkaawqcyteuvtjvqemetchqbirhjwjolqqiiitrehbrrkepgscqvjycyepdzx s_name=Supplier#000000595 s_phone=32-268-674-3936
n_name=ROMANIA p_mfgr=Manufacturer#3 p_partkey=7105 s_acctbal=347.68 s_address=otpyeoexmrmse s_comment=eckyqtntqbjmfgefajyclbqrklzpudsazrghhuejhfgupnqjmhevhkqdmh s_name=Supplier#000000418 s_phone=18-855-881-8844
n_name=ROMANIA p_mfgr=Manufacturer#4 p_partkey=12061 s_acctbal=6546.1 s_address=qgdfhoksjizgnuiaevyfvisl s_comment=hnlejgfpptqbsokzhqkqledmlqqjojczqmeftuqtsdfarzrpiabfv s_name=Supplier#000000241 s_phone=13-833-838-0382
n_name=ROMANIA p_mfgr=Manufacturer#5 p_partkey=1545 s_acctbal=-887.49 s_address=mjhjytjmrkdripqke s_comment=ogvznplisubqvtsybpzrznjlihfvzmr s_name=Supplier#000000177 s_phone=12-248-137-6279
n_name=ROMANIA p_mfgr=Manufacturer#5 p_partkey=18785 s_acctbal=-659.73 s_address=otsnxgtsuuaaof s_comment=sabzxmegaiuntlmhwfcqbjtpmgstafdormlthgflhrcpztcsehiygoyidexidhsy s_name=Supplier#000000140 s_phone=11-304-658-4883
n_name=RUSSIA p_mfgr=Manufacturer#1 p_partkey=7728 s_acctbal=6646.39 s_address=sxoqpjjlyoeagy s_comment=yioqopaynqvrroukmauyuyyiqehnwhxuztzwxfeucnftobfwqfywngwenmqtr s_name=Supplier#000000910 s_phone=12-118-283-9457
n_name=RUSSIA p_mfgr=Manufacturer#2 p_partkey=3957 s_acctbal=9853.67 s_address=mupnfxcgjiqunlizhilbmuud s_comment=uqfzrbxljnnmhtcpytjbteilrrdxeatmcwymphvq s_name=Supplier#000000827 s_phone=26-001-091-7227
n_name=RUSSIA p_mfgr=Manufacturer#3 p_partkey=19147 s_acctbal=1520.95 s_address=tfwhgofkigayfkxggbaks s_comment=bpanikopjrqtlgyibhlpfsthuambzhvnffuewiydlglvwzwuklseipydjgzocbirghkowbuvmslh s_name=Supplier#000000586 s_phone=34-834-025-6661
n_name=RUSSIA p_mfgr=Manufacturer#5 p_partkey=16109 s_acctbal=777.57 s_address=khknzepbghpyhysmenz s_comment=wmwjbyxptlawiwiltwzcayskbwxtiacdhxznuoeuhkgoyyravxqlgbpsbybrnjxou s_name=Supplier#000000434 s_phone=17-725-150-3207
n_name=UNITED KINGDOM p_mfgr=Manufacturer#1 p_partkey=18878 s_acctbal=1110.12 s_address=khyuoscnrovpxfxy s_comment=jxtgvpmvcouvptpuztlh s_name=Supplier#000000511 s_phone=26-587-751-0833
n_name=UNITED KINGDOM p_mfgr=Manufacturer#1 p_partkey=3170 s_acctbal=-256.52 s_address=ogdozqhnzgswtreablx s_comment=zfiolkqqtavddtgepfzbbwuztpkphmsgopfpspraewnnvfqfbiuvvkoqgycljknozr s_name=Supplier#000000677 s_phone=25-671-156-0583
n_name=UNITED KINGDOM p_mfgr=Manufacturer#3 p_partkey=2390 s_acctbal=4580.62 s_address=ksqrpzernddl s_comment=dascaqsszgmmtekrluquytwnddnyebwuuvmxoclzbastafoooajluonifiboulmgdu s_name=Supplier#000000559 s_phone=20-259-560-7148
n_name=UNITED KINGDOM p_mfgr=Manufacturer#3 p_partkey=2722 s_acctbal=6116.05 s_address=jxtdzyzyqsqsxmeis s_comment=ampueapdfptufiazkwqvuwnipwvgbdbdfnttgadgicdvmzbrruwuzjtkgofalngjywdzsdn s_name=Supplier#000000886 s_phone=30-764-330-9169
n_name=UNITED KINGDOM p_mfgr=Manufacturer#3 p_partkey=5511 s_acctbal=9226.57 s_address=hxfpcfvqbt s_comment=iuuewmuyvcdciyqplzvqwxccauykyywnvguceewiqriuoyughmjnjbibgwguo s_name=Supplier#000000042 s_phone=11-021-338-3945
n_name=UNITED KINGDOM p_mfgr=Manufacturer#3 p_partkey=8992 s_acctbal=3602.96 s_address=enrxnjlcenhhhzn s_comment=wiohupgxlrmakfclhiprdqdmqnlhidcalkewldlzcvch s_name=Supplier#000000965 s_phone=10-581-051-3372
n_name=UNITED KINGDOM p_mfgr=Manufacturer#4 p_partkey=1242 s_acctbal=3602.96 s_address=enrxnjlcenhhhzn s_comment=wiohupgxlrmakfclhiprdqdmqnlhidcalkewldlzcvch s_name=Supplier#000000965 s_phone=10-581-051-3372
n_name=UNITED KINGDOM p_mfgr=Manufacturer#4 p_partkey=17937 s_acctbal=7374.65 s_address=tjthdzocpdaqvskuuqh s_comment=qreenqtotxcqspmoegqposbtflzwewpzcmqwmpntyenbgqwi s_name=Supplier#000000746 s_phone=13-078-760-2896
n_name=UNITED KINGDOM p_mfgr=Manufacturer#4 p_partkey=2683 s_acctbal=5595.22 s_address=ciayblivbusdukdtc s_comment=wdmitnunlweheenkquhxyrwlifhjeghouovyrtxtxgipq s_name=Supplier#000000731 s_phone=11-267-384-8532
n_name=UNITED KINGDOM p_mfgr=Manufacturer#5 p_partkey=15187 s_acctbal=7374.65 s_address=tjthdzocpdaqvskuuqh s_comment=qreenqtotxcqspmoegqposbtflzwewpzcmqwmpntyenbgqwi s_name=Supplier#000000746 s_phone=13-078-760-2896
