nation=ALGERIA o_year=1992 sum_profit=4.17829e+06
nation=ALGERIA o_year=1993 sum_profit=3.57883e+06
nation=ALGERIA o_year=1994 sum_profit=4.22975e+06
nation=ALGERIA o_year=1995 sum_profit=3.27888e+06
nation=ALGERIA o_year=1996 sum_profit=3.5854e+06
nation=ALGERIA o_year=1997 sum_profit=2.88186e+06
nation=ARGENTINA o_year=1992 sum_profit=5.20686e+06
nation=ARGENTINA o_year=1993 sum_profit=4.56562e+06
nation=ARGENTINA o_year=1994 sum_profit=3.77964e+06
nation=ARGENTINA o_year=1995 sum_profit=4.43408e+06
nation=ARGENTINA o_year=1996 sum_profit=4.85212e+06
nation=ARGENTINA o_year=1997 sum_profit=4.58988e+06
nation=BRAZIL o_year=1992 sum_profit=3.68734e+06
nation=BRAZIL o_year=1993 sum_profit=3.1889e+06
nation=BRAZIL o_year=1994 sum_profit=3.68498e+06
nation=BRAZIL o_year=1995 sum_profit=3.75068e+06
nation=BRAZIL o_year=1996 sum_profit=4.01872e+06
nation=BRAZIL o_year=1997 sum_profit=3.39309e+06
nation=CANADA o_year=1992 sum_profit=3.40917e+06
nation=CANADA o_year=1993 sum_profit=3.10308e+06
nation=CANADA o_year=1994 sum_profit=3.4936e+06
nation=CANADA o_year=1995 sum_profit=2.99748e+06
nation=CANADA o_year=1996 sum_profit=3.24628e+06
nation=CANADA o_year=1997 sum_profit=3.7629e+06
nation=CHINA o_year=1992 sum_profit=4.14384e+06
nation=CHINA o_year=1993 sum_profit=3.71317e+06
nation=CHINA o_year=1994 sum_profit=4.73159e+06
nation=CHINA o_year=1995 sum_profit=4.34238e+06
nation=CHINA o_year=1996 sum_profit=3.60037e+06
nation=CHINA o_year=1997 sum_profit=4.18181e+06
nation=EGYPT o_year=1992 sum_profit=3.67029e+06
nation=EGYPT o_year=1993 sum_profit=3.35266e+06
nation=EGYPT o_year=1994 sum_profit=2.77789e+06
nation=EGYPT o_year=1995 sum_profit=2.9198e+06
nation=EGYPT o_year=1996 sum_profit=3.10259e+06
nation=EGYPT o_year=1997 sum_profit=3.19282e+06
nation=ETHIOPIA o_year=1992 sum_profit=5.42753e+06
nation=ETHIOPIA o_year=1993 sum_profit=7.15569e+06
nation=ETHIOPIA o_year=1994 sum_profit=5.15782e+06
nation=ETHIOPIA o_year=1995 sum_profit=4.88469e+06
nation=ETHIOPIA o_year=1996 sum_profit=6.14232e+06
nation=ETHIOPIA o_year=1997 sum_profit=5.42677e+06
nation=FRANCE o_year=1992 sum_profit=4.54983e+06
nation=FRANCE o_year=1993 sum_profit=4.49495e+06
nation=FRANCE o_year=1994 sum_profit=4.56808e+06
nation=FRANCE o_year=1995 sum_profit=4.76772e+06
nation=FRANCE o_year=1996 sum_profit=4.74567e+06
nation=FRANCE o_year=1997 sum_profit=4.37641e+06
nation=GERMANY o_year=1992 sum_profit=2.26016e+06
nation=GERMANY o_year=1993 sum_profit=2.23941e+06
nation=GERMANY o_year=1994 sum_profit=3.23189e+06
nation=GERMANY o_year=1995 sum_profit=2.90939e+06
nation=GERMANY o_year=1996 sum_profit=2.8091e+06
nation=GERMANY o_year=1997 sum_profit=2.99534e+06
nation=INDIA o_year=1992 sum_profit=5.21524e+06
nation=INDIA o_year=1993 sum_profit=6.26401e+06
nation=INDIA o_year=1994 sum_profit=6.2592e+06
nation=INDIA o_year=1995 sum_profit=5.78752e+06
nation=INDIA o_year=1996 sum_profit=5.28345e+06
nation=INDIA o_year=1997 sum_profit=5.73894e+06
nation=INDONESIA o_year=1992 sum_profit=5.29349e+06
nation=INDONESIA o_year=1993 sum_profit=5.73371e+06
nation=INDONESIA o_year=1994 sum_profit=5.44916e+06
nation=INDONESIA o_year=1995 sum_profit=5.37843e+06
nation=INDONESIA o_year=1996 sum_profit=6.80102e+06
nation=INDONESIA o_year=1997 sum_profit=5.1961e+06
nation=IRAN o_year=1992 sum_profit=2.77069e+06
nation=IRAN o_year=1993 sum_profit=3.13464e+06
nation=IRAN o_year=1994 sum_profit=2.98136e+06
nation=IRAN o_year=1995 sum_profit=3.62712e+06
nation=IRAN o_year=1996 sum_profit=3.13341e+06
nation=IRAN o_year=1997 sum_profit=4.09172e+06
nation=IRAQ o_year=1992 sum_profit=5.52766e+06
nation=IRAQ o_year=1993 sum_profit=4.53265e+06
nation=IRAQ o_year=1994 sum_profit=5.56813e+06
nation=IRAQ o_year=1995 sum_profit=5.07424e+06
nation=IRAQ o_year=1996 sum_profit=4.00953e+06
nation=IRAQ o_year=1997 sum_profit=5.25855e+06
nation=JAPAN o_year=1992 sum_profit=7.16466e+06
nation=JAPAN o_year=1993 sum_profit=6.25124e+06
nation=JAPAN o_year=1994 sum_profit=7.67671e+06
nation=JAPAN o_year=1995 sum_profit=6.84934e+06
nation=JAPAN o_year=1996 sum_profit=6.459e+06
nation=JAPAN o_year=1997 sum_profit=6.0249e+06
nation=JORDAN o_year=1992 sum_profit=5.23552e+06
nation=JORDAN o_year=1993 sum_profit=6.00808e+06
nation=JORDAN o_year=1994 sum_profit=4.44237e+06
nation=JORDAN o_year=1995 sum_profit=6.26159e+06
nation=JORDAN o_year=1996 sum_profit=5.05938e+06
nation=JORDAN o_year=1997 sum_profit=5.65427e+06
nation=KENYA o_year=1992 sum_profit=3.75047e+06
nation=KENYA o_year=1993 sum_profit=5.10851e+06
nation=KENYA o_year=1994 sum_profit=3.61755e+06
nation=KENYA o_year=1995 sum_profit=3.91106e+06
nation=KENYA o_year=1996 sum_profit=4.66064e+06
nation=KENYA o_year=1997 sum_profit=3.80919e+06
nation=MOROCCO o_year=1992 sum_profit=5.41999e+06
nation=MOROCCO o_year=1993 sum_profit=5.84019e+06
nation=MOROCCO o_year=1994 sum_profit=5.988e+06
nation=MOROCCO o_year=1995 sum_profit=5.50921e+06
nation=MOROCCO o_year=1996 sum_profit=5.44298e+06
nation=MOROCCO o_year=1997 sum_profit=5.85944e+06
nation=MOZAMBIQUE o_year=1992 sum_profit=3.91584e+06
nation=MOZAMBIQUE o_year=1993 sum_profit=3.7073e+06
nation=MOZAMBIQUE o_year=1994 sum_profit=3.72852e+06
nation=MOZAMBIQUE o_year=1995 sum_profit=3.35487e+06
nation=MOZAMBIQUE o_year=1996 sum_profit=4.12659e+06
nation=MOZAMBIQUE o_year=1997 sum_profit=4.07199e+06
nation=PERU o_year=1992 sum_profit=7.58903e+06
nation=PERU o_year=1993 sum_profit=6.97202e+06
nation=PERU o_year=1994 sum_profit=6.79806e+06
nation=PERU o_year=1995 sum_profit=6.6528e+06
nation=PERU o_year=1996 sum_profit=6.90129e+06
nation=PERU o_year=1997 sum_profit=6.96005e+06
nation=ROMANIA o_year=1992 sum_profit=5.55995e+06
nation=ROMANIA o_year=1993 sum_profit=5.73002e+06
nation=ROMANIA o_year=1994 sum_profit=5.49888e+06
nation=ROMANIA o_year=1995 sum_profit=4.81169e+06
nation=ROMANIA o_year=1996 sum_profit=6.2434e+06
nation=ROMANIA o_year=1997 sum_profit=4.556e+06
nation=RUSSIA o_year=1992 sum_profit=4.36262e+06
nation=RUSSIA o_year=1993 sum_profit=5.17028e+06
nation=RUSSIA o_year=1994 sum_profit=5.61592e+06
nation=RUSSIA o_year=1995 sum_profit=4.59843e+06
nation=RUSSIA o_year=1996 sum_profit=4.87225e+06
nation=RUSSIA o_year=1997 sum_profit=5.44776e+06
nation=SAUDI ARABIA o_year=1992 sum_profit=4.36366e+06
nation=SAUDI ARABIA o_year=1993 sum_profit=5.10922e+06
nation=SAUDI ARABIA o_year=1994 sum_profit=4.95635e+06
nation=SAUDI ARABIA o_year=1995 sum_profit=5.60434e+06
nation=SAUDI ARABIA o_year=1996 sum_profit=4.30364e+06
nation=SAUDI ARABIA o_year=1997 sum_profit=5.96653e+06
nation=UNITED KINGDOM o_year=1992 sum_profit=3.68881e+06
nation=UNITED KINGDOM o_year=1993 sum_profit=3.73273e+06
nation=UNITED KINGDOM o_year=1994 sum_profit=4.43632e+06
nation=UNITED KINGDOM o_year=1995 sum_profit=4.56763e+06
nation=UNITED KINGDOM o_year=1996 sum_profit=4.8938e+06
nation=UNITED KINGDOM o_year=1997 sum_profit=4.37295e+06
nation=UNITED STATES o_year=1992 sum_profit=4.81172e+06
nation=UNITED STATES o_year=1993 sum_profit=4.48747e+06
nation=UNITED STATES o_year=1994 sum_profit=6.33007e+06
nation=UNITED STATES o_year=1995 sum_profit=4.66618e+06
nation=UNITED STATES o_year=1996 sum_profit=4.71399e+06
nation=UNITED STATES o_year=1997 sum_profit=3.60563e+06
nation=VIETNAM o_year=1992 sum_profit=3.48606e+06
nation=VIETNAM o_year=1993 sum_profit=3.68716e+06
nation=VIETNAM o_year=1994 sum_profit=3.90846e+06
nation=VIETNAM o_year=1995 sum_profit=3.79084e+06
nation=VIETNAM o_year=1996 sum_profit=4.27222e+06
nation=VIETNAM o_year=1997 sum_profit=3.19083e+06
