c_acctbal=-431.86 c_address=grnlukbstbihkb c_comment=vscehjcnzrpukebfndhropsmewggfelxdfnrcgrauspbfylzgeujjfmrnacwxsmujdqtansxvcogvlo c_custkey=8737 c_name=Customer#000008737 c_phone=25-667-248-8698 n_name=RUSSIA revenue=451149
c_acctbal=-924.03 c_address=sgyuzoocgqtzzjjpwydfh c_comment=kqsvatvavjvqkskvjlfundzpmrttuxvqiknqbdktylialbqelauxfyelgblewzozjwmtheedkv c_custkey=5987 c_name=Customer#000005987 c_phone=21-853-654-7727 n_name=CANADA revenue=471596
c_acctbal=1.7 c_address=wfzffxijaajqwy c_comment=ljzowmrfjvfxtpfeqkeurqemulwmmrdpczpjdywkfuosiunrkydvfgoxjvkyawel c_custkey=2105 c_name=Customer#000002105 c_phone=31-933-718-5521 n_name=INDIA revenue=567968
c_acctbal=1282.22 c_address=gzojfmrmzvyvfyecmchryur c_comment=sbvofclxumucgjcdfruzgnxttaqutofmbu c_custkey=601 c_name=Customer#000000601 c_phone=30-328-064-1373 n_name=IRAQ revenue=386834
c_acctbal=157.67 c_address=ovrrjsspgnow c_comment=hlduokkfkayfktndzdijiygyasnlhnnsyiwoinxsvysclzkabbrugrheegbrn c_custkey=7319 c_name=Customer#000007319 c_phone=26-704-598-6060 n_name=JORDAN revenue=421982
c_acctbal=1692.96 c_address=gsdcygjligdellqcmreqxrrik c_comment=swuioneawlxrvncespmfcftxdoscjyjkyaclsjuedruq c_custkey=6895 c_name=Customer#000006895 c_phone=25-247-228-6620 n_name=IRAQ revenue=411133
c_acctbal=2159 c_address=rebfjiyxuzlppcns c_comment=usjksxjqafgmpopvqsdxxohvlzzsfwwhwdbcdzutwqddrneuoioial c_custkey=7286 c_name=Customer#000007286 c_phone=33-738-870-5646 n_name=ETHIOPIA revenue=718997
c_acctbal=4349.96 c_address=lprhjeiyqtjbhsghvneyfomq c_comment=rvrewxprdidhirkgjbzmbokbjctdidflnlywtlusups c_custkey=5635 c_name=Customer#000005635 c_phone=21-801-504-7435 n_name=ROMANIA revenue=401344
c_acctbal=4405.45 c_address=xrqjuecxextpyuijqfkwu c_comment=rxamaooonbhqkzollghohmlyankvoalkyneiuwweiigwvvrbnnlpkixcovyexiiiywj c_custkey=2531 c_name=Customer#000002531 c_phone=11-758-875-6002 n_name=FRANCE revenue=405425
c_acctbal=546.63 c_address=gbnlcbzlzlpw c_comment=tdiyqmtlappxlzluvpzarghepfqjmedfdysglgoxcppyrpmcexzitulbcooxtj c_custkey=4383 c_name=Customer#000004383 c_phone=32-343-798-5319 n_name=KENYA revenue=388830
c_acctbal=5994.81 c_address=oxdtzgojvjsmjtgnschslu c_comment=xalddporvmauzrmlyjzfqbnzkcgzwqiznxr c_custkey=414 c_name=Customer#000000414 c_phone=10-063-578-8022 n_name=RUSSIA revenue=424238
c_acctbal=6091.13 c_address=nnsrngdlvhkkxzsjg c_comment=oafxjbzdiogxuncflrmirhxiyjmadvoom c_custkey=9798 c_name=Customer#000009798 c_phone=19-880-004-9260 n_name=PERU revenue=533976
c_acctbal=783.88 c_address=nrriswazllcchgpqydouryxx c_comment=pytrkvgbxubwxiviuxqhqzxszvespm c_custkey=1541 c_name=Customer#000001541 c_phone=31-555-613-0435 n_name=PERU revenue=428701
c_acctbal=8109.63 c_address=wrzjbrraqopgjebo c_comment=vlfvehcoohgdgrfxbtkgk c_custkey=7567 c_name=Customer#000007567 c_phone=10-801-737-6672 n_name=INDIA revenue=391592
c_acctbal=8474.21 c_address=kstzrunnxhtqafjtle c_comment=bkqwfwkelqwlvoktkmbrfavmffmjjatkpikstjmsfawcbzvmdqwzcnbzp c_custkey=8519 c_name=Customer#000008519 c_phone=27-875-571-5960 n_name=INDIA revenue=494478
c_acctbal=8640.72 c_address=xfiaxphtytycxe c_comment=vvcjlkjikrzfrccdmphvgvioiltshbiyoidpraovlewwoljnna c_custkey=5879 c_name=Customer#000005879 c_phone=13-135-273-3758 n_name=JAPAN revenue=544665
c_acctbal=8645.48 c_address=buimjvoarsreedon c_comment=apxlburgijkijaxbyuteocdbdfq c_custkey=2718 c_name=Customer#000002718 c_phone=14-371-088-5489 n_name=JORDAN revenue=388203
c_acctbal=8749.23 c_address=gwvhmkenuwpu c_comment=ekgdxdxuxexlfmakhjvqclmqwcnnbmxthxddkjrmsqib c_custkey=7235 c_name=Customer#000007235 c_phone=24-809-583-2713 n_name=MOROCCO revenue=435230
c_acctbal=8809.06 c_address=vqgihmykafs c_comment=kwjqledoyxcgutrcuiyynfxhsgebqqapaltlwvhojbekiqrufxrzxvsnywznnhw c_custkey=5837 c_name=Customer#000005837 c_phone=26-406-273-0054 n_name=MOZAMBIQUE revenue=419158
c_acctbal=9214.05 c_address=ktnfmwnwvcmafvm c_comment=fopnmsmmzuzaoberzrjnagiazje c_custkey=7913 c_name=Customer#000007913 c_phone=19-979-620-1111 n_name=FRANCE revenue=386953
