c_acctbal=-428.06 c_address=fkmtlfxeqkxqp c_comment=ceexdekqakudksjmfnxgecvblycrpuhub c_custkey=7853 c_name=Customer#000007853 c_phone=30-776-335-0407 n_name=IRAQ revenue=408901
c_acctbal=-473.9 c_address=gnyyqgrgavigmq c_comment=tbqtkmutsqenudtcadtxvpnmvsvvscovaxhvvqjnaca c_custkey=5019 c_name=Customer#000005019 c_phone=15-312-770-9414 n_name=MOROCCO revenue=427257
c_acctbal=-509.71 c_address=qvlcrhgvyirps c_comment=igbcuohpbnbasdxphgdjbyiqkpatbolgifgxkklbvyiqyorvxielhlbnzrpwffdunfidfghll c_custkey=269 c_name=Customer#000000269 c_phone=11-752-081-7945 n_name=ETHIOPIA revenue=513587
c_acctbal=-665.47 c_address=kfeduwiefirkeraojfzbgv c_comment=gdopcbudfremstffgciembaoiawjnlwkvwkbpvgektfboaaotvcetyvgnchclbish c_custkey=1035 c_name=Customer#000001035 c_phone=23-504-828-6748 n_name=IRAN revenue=370734
c_acctbal=1580.22 c_address=dugkcxgvetqbyjvrnh c_comment=iafmngswfywvihayerkpowjsgeq c_custkey=3466 c_name=Customer#000003466 c_phone=23-972-308-3566 n_name=IRAN revenue=367017
c_acctbal=1782.76 c_address=yrfjjrdmbtlxivan c_comment=pohqwzfqgvyfjixgnlqqdjqydzleaxvoywtvjerkxezmqntlqfnscshqzqytfigc c_custkey=13259 c_name=Customer#000013259 c_phone=28-662-408-3048 n_name=ETHIOPIA revenue=379720
c_acctbal=2144.87 c_address=cxxrvfhvpsgaix c_comment=pjsesduibqmvpzwuzxodpgeclpisjawbencjhupatonvx c_custkey=12286 c_name=Customer#000012286 c_phone=29-550-744-7181 n_name=UNITED KINGDOM revenue=665626
c_acctbal=3019.89 c_address=wyoxoemonlnenkn c_comment=mfminzarevsygwepyyjiensqtsajcwplbx c_custkey=10126 c_name=Customer#000010126 c_phone=20-261-701-4988 n_name=JORDAN revenue=442140
c_acctbal=3489.86 c_address=dwpupebqgbgbuloesfc c_comment=pdyscpzmsvmtossspsofyscfznltndoheqi c_custkey=11968 c_name=Customer#000011968 c_phone=23-481-734-3107 n_name=ROMANIA revenue=365651
c_acctbal=4136.93 c_address=rpolmmhsatbucuoaikox c_comment=htvcipaxefqjzyixhpeezkqtms c_custkey=9039 c_name=Customer#000009039 c_phone=34-453-398-0209 n_name=MOROCCO revenue=380576
c_acctbal=5367.59 c_address=eikantxjweqbzwhxdmltmuz c_comment=upkgccuyvxnwimhvfcdmtrdjfctwvsknlnnurdeitizwbcqzxtwizwpoyajcoxhpnnruigbrxfj c_custkey=13785 c_name=Customer#000013785 c_phone=23-769-622-1164 n_name=BRAZIL revenue=389963
c_acctbal=5593.15 c_address=akmrprgaahbjbjjrpvjnwm c_comment=lgacflhelvvftsuyaarlbyhriaxybtqjprvjnzkhoge c_custkey=4077 c_name=Customer#000004077 c_phone=28-799-243-6807 n_name=ALGERIA revenue=411927
c_acctbal=5817.4 c_address=woljdygbdavcrmfuvywju c_comment=ygbzcvqhicvpgrysmnctzuisnsfcxdtfylsgraddlxhdtgsqcqttdfkgfwfftkgqs c_custkey=12618 c_name=Customer#000012618 c_phone=11-429-171-4494 n_name=EGYPT revenue=371662
c_acctbal=6229.19 c_address=nfeypsiwklzws c_comment=onvosnskndxsdlafjtsqddopdbyzalpmfassebx c_custkey=2729 c_name=Customer#000002729 c_phone=24-643-287-5899 n_name=ALGERIA revenue=477192
c_acctbal=7312.01 c_address=jsrrjeszmwjxaaiiop c_comment=nvwtemmljoaezyvlekmlqcggmwbexidxutuphzr c_custkey=11895 c_name=Customer#000011895 c_phone=26-731-211-8245 n_name=IRAN revenue=411133
c_acctbal=7710.86 c_address=vajngztkujerbvejtq c_comment=xdgelqpgadsllaluganacefncrbnplqimfkrfzvrmtrhytzpvbgcctayukrtsbnxqgh c_custkey=5934 c_name=Customer#000005934 c_phone=26-470-058-3016 n_name=CANADA revenue=588262
c_acctbal=778.23 c_address=czxsfrbyfokzicqqgjirvsqjr c_comment=uqulsjaupiwlwrbtphcdtvirgenqpga c_custkey=5222 c_name=Customer#000005222 c_phone=32-496-289-7600 n_name=ROMANIA revenue=373250
c_acctbal=8446.09 c_address=sfcoatzmqpylfncprthr c_comment=dsoduxsgvqxxhkfpedhqcsxzvs c_custkey=1519 c_name=Customer#000001519 c_phone=26-932-562-4377 n_name=VIETNAM revenue=383728
c_acctbal=8640.72 c_address=xfiaxphtytycxe c_comment=vvcjlkjikrzfrccdmphvgvioiltshbiyoidpraovlewwoljnna c_custkey=5879 c_name=Customer#000005879 c_phone=13-135-273-3758 n_name=JAPAN revenue=428207
c_acctbal=9472.56 c_address=viqkyserxtwiu c_comment=lqcjrfpxwfotbvzrwuefhhmiqludipomszeedoinkcnogzkhwzttgqw c_custkey=7105 c_name=Customer#000007105 c_phone=10-103-430-2675 n_name=FRANCE revenue=498396
