c_count=19 c_custkey=10069
c_count=19 c_custkey=10678
c_count=19 c_custkey=10701
c_count=19 c_custkey=1079
c_count=19 c_custkey=11940
c_count=19 c_custkey=12242
c_count=19 c_custkey=12478
c_count=19 c_custkey=1331
c_count=19 c_custkey=1405
c_count=19 c_custkey=1476
c_count=19 c_custkey=1843
c_count=19 c_custkey=2351
c_count=19 c_custkey=2390
c_count=19 c_custkey=2422
c_count=19 c_custkey=2664
c_count=19 c_custkey=323
c_count=19 c_custkey=328
c_count=19 c_custkey=3508
c_count=19 c_custkey=3561
c_count=19 c_custkey=4044
c_count=19 c_custkey=4321
c_count=19 c_custkey=4374
c_count=19 c_custkey=4444
c_count=19 c_custkey=4747
c_count=19 c_custkey=4776
c_count=19 c_custkey=502
c_count=19 c_custkey=5231
c_count=19 c_custkey=5274
c_count=19 c_custkey=5398
c_count=19 c_custkey=5401
c_count=19 c_custkey=5607
c_count=19 c_custkey=5735
c_count=19 c_custkey=590
c_count=19 c_custkey=6045
c_count=19 c_custkey=6133
c_count=19 c_custkey=6172
c_count=19 c_custkey=653
c_count=19 c_custkey=6621
c_count=19 c_custkey=6633
c_count=19 c_custkey=6654
c_count=19 c_custkey=6675
c_count=19 c_custkey=6691
c_count=19 c_custkey=6796
c_count=19 c_custkey=6924
c_count=19 c_custkey=7100
c_count=19 c_custkey=7145
c_count=19 c_custkey=7378
c_count=19 c_custkey=8470
c_count=19 c_custkey=8497
c_count=19 c_custkey=8510
c_count=19 c_custkey=8715
c_count=19 c_custkey=8858
c_count=19 c_custkey=8896
c_count=19 c_custkey=8973
c_count=19 c_custkey=9073
c_count=19 c_custkey=9572
c_count=20 c_custkey=110
c_count=20 c_custkey=11764
c_count=20 c_custkey=11817
c_count=20 c_custkey=12280
c_count=20 c_custkey=13737
c_count=20 c_custkey=14485
c_count=20 c_custkey=14803
c_count=20 c_custkey=14831
c_count=20 c_custkey=1767
c_count=20 c_custkey=2303
c_count=20 c_custkey=2345
c_count=20 c_custkey=2932
c_count=20 c_custkey=331
c_count=20 c_custkey=3437
c_count=20 c_custkey=39
c_count=20 c_custkey=417
c_count=20 c_custkey=4615
c_count=20 c_custkey=4651
c_count=20 c_custkey=4876
c_count=20 c_custkey=5723
c_count=20 c_custkey=6178
c_count=20 c_custkey=6210
c_count=20 c_custkey=7434
c_count=20 c_custkey=7454
c_count=20 c_custkey=8391
c_count=21 c_custkey=11270
c_count=21 c_custkey=11675
c_count=21 c_custkey=12968
c_count=21 c_custkey=14775
c_count=21 c_custkey=2300
c_count=21 c_custkey=3759
c_count=21 c_custkey=4360
c_count=21 c_custkey=6571
c_count=21 c_custkey=6957
c_count=21 c_custkey=7002
c_count=21 c_custkey=9311
c_count=22 c_custkey=11577
c_count=22 c_custkey=1590
c_count=22 c_custkey=5435
c_count=23 c_custkey=11662
c_count=23 c_custkey=12536
c_count=23 c_custkey=2334
c_count=23 c_custkey=363
c_count=23 c_custkey=9840
