c_count=25 c_custkey=1284
c_count=25 c_custkey=1675
c_count=25 c_custkey=1890
c_count=25 c_custkey=1957
c_count=25 c_custkey=2351
c_count=25 c_custkey=2732
c_count=25 c_custkey=2888
c_count=25 c_custkey=289
c_count=25 c_custkey=2954
c_count=25 c_custkey=3010
c_count=25 c_custkey=3391
c_count=25 c_custkey=3668
c_count=25 c_custkey=3675
c_count=25 c_custkey=3742
c_count=25 c_custkey=3759
c_count=25 c_custkey=3818
c_count=25 c_custkey=3926
c_count=25 c_custkey=417
c_count=25 c_custkey=4429
c_count=25 c_custkey=4504
c_count=25 c_custkey=4615
c_count=25 c_custkey=4776
c_count=25 c_custkey=4856
c_count=25 c_custkey=4914
c_count=25 c_custkey=5008
c_count=25 c_custkey=5214
c_count=25 c_custkey=5511
c_count=25 c_custkey=5532
c_count=25 c_custkey=5601
c_count=25 c_custkey=5666
c_count=25 c_custkey=6213
c_count=25 c_custkey=6225
c_count=25 c_custkey=6281
c_count=25 c_custkey=6373
c_count=25 c_custkey=6430
c_count=25 c_custkey=735
c_count=25 c_custkey=925
c_count=26 c_custkey=1094
c_count=26 c_custkey=1253
c_count=26 c_custkey=2161
c_count=26 c_custkey=2334
c_count=26 c_custkey=2568
c_count=26 c_custkey=2868
c_count=26 c_custkey=3929
c_count=26 c_custkey=4384
c_count=26 c_custkey=4598
c_count=26 c_custkey=4680
c_count=26 c_custkey=5178
c_count=26 c_custkey=5460
c_count=26 c_custkey=5502
c_count=26 c_custkey=5741
c_count=26 c_custkey=5874
c_count=26 c_custkey=6577
c_count=26 c_custkey=6924
c_count=26 c_custkey=7932
c_count=26 c_custkey=8259
c_count=26 c_custkey=8724
c_count=26 c_custkey=8734
c_count=26 c_custkey=8806
c_count=26 c_custkey=9176
c_count=26 c_custkey=9274
c_count=26 c_custkey=9441
c_count=26 c_custkey=9618
c_count=26 c_custkey=9922
c_count=27 c_custkey=1476
c_count=27 c_custkey=2434
c_count=27 c_custkey=2517
c_count=27 c_custkey=3091
c_count=27 c_custkey=3223
c_count=27 c_custkey=3333
c_count=27 c_custkey=3565
c_count=27 c_custkey=3835
c_count=27 c_custkey=4485
c_count=27 c_custkey=4651
c_count=27 c_custkey=5316
c_count=27 c_custkey=5413
c_count=27 c_custkey=6659
c_count=27 c_custkey=711
c_count=27 c_custkey=7292
c_count=27 c_custkey=7341
c_count=27 c_custkey=7668
c_count=27 c_custkey=8700
c_count=27 c_custkey=8777
c_count=27 c_custkey=8851
c_count=27 c_custkey=9330
c_count=27 c_custkey=9444
c_count=27 c_custkey=9821
c_count=28 c_custkey=1711
c_count=28 c_custkey=2537
c_count=28 c_custkey=4311
c_count=28 c_custkey=5915
c_count=28 c_custkey=631
c_count=28 c_custkey=7976
c_count=29 c_custkey=2723
c_count=29 c_custkey=4113
c_count=29 c_custkey=5878
c_count=29 c_custkey=7145
c_count=30 c_custkey=363
c_count=31 c_custkey=5150
c_count=32 c_custkey=6675
