s_address=asuyqezrdvyn s_name=Supplier#000000171
s_address=gcbmktbdbihtjw s_name=Supplier#000000764
s_address=gjkethmydkahjsjvahfcny s_name=Supplier#000000278
s_address=iibliviuaantie s_name=Supplier#000000275
s_address=kszzrzpyiyx s_name=Supplier#000000901
s_address=mirchhxzre s_name=Supplier#000000987
s_address=mvzqsqrlrpfedwnwmnqlfeacu s_name=Supplier#000000120
s_address=ngiqnzqrqyqkstnowzsy s_name=Supplier#000000180
s_address=nmuszwiddjfm s_name=Supplier#000000320
s_address=qlogbdrmlapwraafirn s_name=Supplier#000000345
s_address=qmkshplnwycxtqpyottqwgrr s_name=Supplier#000000883
s_address=qxhpavjyzhigoh s_name=Supplier#000000934
s_address=rjbjvdjktdmurgxlnsn s_name=Supplier#000000716
s_address=tudftpylwjmlw s_name=Supplier#000000339
s_address=vobyikjhbkzoebzphltfmgq s_name=Supplier#000000308
s_address=xbljkalbgpgf s_name=Supplier#000000629
s_address=xbluztnpjnhidofddrjpssszp s_name=Supplier#000000021
s_address=xopyshirngelqkeexajgyyl s_name=Supplier#000000110
s_address=ysuwhdfknxeqlowhjjbzrhs s_name=Supplier#000000986
